Component: ARM Compiler 5.06 update 6 (build 750) Tool: armlink [4d35ed]

==============================================================================

Section Cross References

    main.o(i.DCT_init) refers to stm32f10x_rcc.o(i.RCC_APB2PeriphClockCmd) for RCC_APB2PeriphClockCmd
    main.o(i.DCT_init) refers to stm32f10x_gpio.o(i.GPIO_Init) for GPIO_Init
    main.o(i.DCT_init) refers to stm32f10x_gpio.o(i.GPIO_SetBits) for GPIO_SetBits
    main.o(i.main) refers to system_stm32f10x.o(i.SystemInit) for SystemInit
    main.o(i.main) refers to adc1.o(i.adc1_Init) for adc1_Init
    main.o(i.main) refers to main.o(i.DCT_init) for DCT_init
    main.o(i.main) refers to misc.o(i.NVIC_PriorityGroupConfig) for NVIC_PriorityGroupConfig
    main.o(i.main) refers to usart.o(i.uart_init) for uart_init
    main.o(i.main) refers to delay.o(i.delay_init) for delay_init
    main.o(i.main) refers to tcs230.o(i.TCS230_GPIO_Config) for TCS230_GPIO_Config
    main.o(i.main) refers to tcs230.o(i.EXTI_Config) for EXTI_Config
    main.o(i.main) refers to tcs230.o(i.NVIC_Config) for NVIC_Config
    main.o(i.main) refers to tcs230.o(i.TIM2_config) for TIM2_config
    main.o(i.main) refers to tcs230.o(i.BPH) for BPH
    main.o(i.main) refers to oled_iic.o(i.OLED_Init) for OLED_Init
    main.o(i.main) refers to timer.o(i.TIM3_init) for TIM3_init
    main.o(i.main) refers to oled_iic.o(i.OLED_CLS) for OLED_CLS
    main.o(i.main) refers to sensor.o(i.Sensor_all_init) for Sensor_all_init
    main.o(i.main) refers to motor.o(i.Motor_all_init) for Motor_all_init
    main.o(i.main) refers to oled_iic.o(i.OLED_ShowCN) for OLED_ShowCN
    main.o(i.main) refers to delay.o(i.delay_ms) for delay_ms
    main.o(i.main) refers to xunji.o(i.xunji) for xunji
    system_stm32f10x.o(i.SetSysClock) refers to system_stm32f10x.o(i.SetSysClockTo72) for SetSysClockTo72
    system_stm32f10x.o(i.SystemCoreClockUpdate) refers to system_stm32f10x.o(.data) for SystemCoreClock
    system_stm32f10x.o(i.SystemInit) refers to system_stm32f10x.o(i.SetSysClock) for SetSysClock
    delay.o(i.delay_init) refers to misc.o(i.SysTick_CLKSourceConfig) for SysTick_CLKSourceConfig
    delay.o(i.delay_init) refers to system_stm32f10x.o(.data) for SystemCoreClock
    delay.o(i.delay_init) refers to delay.o(.data) for fac_us
    delay.o(i.delay_ms) refers to delay.o(.data) for fac_ms
    delay.o(i.delay_us) refers to delay.o(.data) for fac_us
    sys.o(i.MYRCC_DeInit) refers to sys.o(i.MY_NVIC_SetVectorTable) for MY_NVIC_SetVectorTable
    sys.o(i.MY_NVIC_Init) refers to sys.o(i.MY_NVIC_PriorityGroupConfig) for MY_NVIC_PriorityGroupConfig
    sys.o(i.Stm32_Clock_Init) refers to sys.o(i.MYRCC_DeInit) for MYRCC_DeInit
    sys.o(i.Sys_Standby) refers to sys.o(.emb_text) for WFI_SET
    usart.o(i.BT_SendChar) refers (Special) to use_no_semi_2.o(.text) for __use_no_semihosting
    usart.o(i.BT_SendChar) refers to stm32f10x_usart.o(i.USART_SendData) for USART_SendData
    usart.o(i.BT_SendChar) refers to stm32f10x_usart.o(i.USART_GetFlagStatus) for USART_GetFlagStatus
    usart.o(i.BT_SendString) refers (Special) to use_no_semi_2.o(.text) for __use_no_semihosting
    usart.o(i.BT_SendString) refers to usart.o(i.BT_SendChar) for BT_SendChar
    usart.o(i.USART1_IRQHandler) refers (Special) to use_no_semi_2.o(.text) for __use_no_semihosting
    usart.o(i.USART1_IRQHandler) refers to stm32f10x_usart.o(i.USART_GetITStatus) for USART_GetITStatus
    usart.o(i.USART1_IRQHandler) refers to stm32f10x_usart.o(i.USART_ReceiveData) for USART_ReceiveData
    usart.o(i.USART1_IRQHandler) refers to stm32f10x_usart.o(i.USART_SendData) for USART_SendData
    usart.o(i._sys_exit) refers (Special) to use_no_semi_2.o(.text) for __use_no_semihosting
    usart.o(i.fputc) refers (Special) to use_no_semi_2.o(.text) for __use_no_semihosting
    usart.o(i.uart_init) refers (Special) to use_no_semi_2.o(.text) for __use_no_semihosting
    usart.o(i.uart_init) refers to stm32f10x_rcc.o(i.RCC_APB2PeriphClockCmd) for RCC_APB2PeriphClockCmd
    usart.o(i.uart_init) refers to stm32f10x_gpio.o(i.GPIO_Init) for GPIO_Init
    usart.o(i.uart_init) refers to misc.o(i.NVIC_Init) for NVIC_Init
    usart.o(i.uart_init) refers to stm32f10x_usart.o(i.USART_Init) for USART_Init
    usart.o(i.uart_init) refers to stm32f10x_usart.o(i.USART_ITConfig) for USART_ITConfig
    usart.o(i.uart_init) refers to stm32f10x_usart.o(i.USART_Cmd) for USART_Cmd
    usart.o(.bss) refers (Special) to use_no_semi_2.o(.text) for __use_no_semihosting
    usart.o(.data) refers (Special) to use_no_semi_2.o(.text) for __use_no_semihosting
    startup_stm32f10x_hd.o(STACK) refers (Special) to heapauxi.o(.text) for __use_two_region_memory
    startup_stm32f10x_hd.o(HEAP) refers (Special) to heapauxi.o(.text) for __use_two_region_memory
    startup_stm32f10x_hd.o(RESET) refers (Special) to heapauxi.o(.text) for __use_two_region_memory
    startup_stm32f10x_hd.o(RESET) refers to startup_stm32f10x_hd.o(STACK) for __initial_sp
[...]
    ..\HARDWARE\TCS230\TCS230.c              0x00000000   Number         0  tcs230.o ABSOLUTE
    ..\HARDWARE\TIMER\timer.c                0x00000000   Number         0  timer.o ABSOLUTE
    ..\STM32F10x_FWLib\src\misc.c            0x00000000   Number         0  misc.o ABSOLUTE
    ..\STM32F10x_FWLib\src\stm32f10x_adc.c   0x00000000   Number         0  stm32f10x_adc.o ABSOLUTE
    ..\STM32F10x_FWLib\src\stm32f10x_bkp.c   0x00000000   Number         0  stm32f10x_bkp.o ABSOLUTE
    ..\STM32F10x_FWLib\src\stm32f10x_can.c   0x00000000   Number         0  stm32f10x_can.o ABSOLUTE
    ..\STM32F10x_FWLib\src\stm32f10x_cec.c   0x00000000   Number         0  stm32f10x_cec.o ABSOLUTE
    ..\STM32F10x_FWLib\src\stm32f10x_crc.c   0x00000000   Number         0  stm32f10x_crc.o ABSOLUTE
    ..\STM32F10x_FWLib\src\stm32f10x_dac.c   0x00000000   Number         0  stm32f10x_dac.o ABSOLUTE
    ..\STM32F10x_FWLib\src\stm32f10x_dbgmcu.c 0x00000000   Number         0  stm32f10x_dbgmcu.o ABSOLUTE
    ..\STM32F10x_FWLib\src\stm32f10x_dma.c   0x00000000   Number         0  stm32f10x_dma.o ABSOLUTE
    ..\STM32F10x_FWLib\src\stm32f10x_exti.c  0x00000000   Number         0  stm32f10x_exti.o ABSOLUTE
    ..\STM32F10x_FWLib\src\stm32f10x_flash.c 0x00000000   Number         0  stm32f10x_flash.o ABSOLUTE
    ..\STM32F10x_FWLib\src\stm32f10x_fsmc.c  0x00000000   Number         0  stm32f10x_fsmc.o ABSOLUTE
    ..\STM32F10x_FWLib\src\stm32f10x_gpio.c  0x00000000   Number         0  stm32f10x_gpio.o ABSOLUTE
    ..\STM32F10x_FWLib\src\stm32f10x_i2c.c   0x00000000   Number         0  stm32f10x_i2c.o ABSOLUTE
    ..\STM32F10x_FWLib\src\stm32f10x_iwdg.c  0x00000000   Number         0  stm32f10x_iwdg.o ABSOLUTE
    ..\STM32F10x_FWLib\src\stm32f10x_pwr.c   0x00000000   Number         0  stm32f10x_pwr.o ABSOLUTE
    ..\STM32F10x_FWLib\src\stm32f10x_rcc.c   0x00000000   Number         0  stm32f10x_rcc.o ABSOLUTE
    ..\STM32F10x_FWLib\src\stm32f10x_rtc.c   0x00000000   Number         0  stm32f10x_rtc.o ABSOLUTE
    ..\STM32F10x_FWLib\src\stm32f10x_sdio.c  0x00000000   Number         0  stm32f10x_sdio.o ABSOLUTE
    ..\STM32F10x_FWLib\src\stm32f10x_spi.c   0x00000000   Number         0  stm32f10x_spi.o ABSOLUTE
    ..\STM32F10x_FWLib\src\stm32f10x_tim.c   0x00000000   Number         0  stm32f10x_tim.o ABSOLUTE
    ..\STM32F10x_FWLib\src\stm32f10x_usart.c 0x00000000   Number         0  stm32f10x_usart.o ABSOLUTE
    ..\STM32F10x_FWLib\src\stm32f10x_wwdg.c  0x00000000   Number         0  stm32f10x_wwdg.o ABSOLUTE
    ..\SYSTEM\delay\delay.c                  0x00000000   Number         0  delay.o ABSOLUTE
    ..\SYSTEM\sys\sys.c                      0x00000000   Number         0  sys.o ABSOLUTE
    ..\SYSTEM\usart\usart.c                  0x00000000   Number         0  usart.o ABSOLUTE
    ..\\CORE\\core_cm3.c                     0x00000000   Number         0  core_cm3.o ABSOLUTE
    ..\\SYSTEM\\sys\\sys.c                   0x00000000   Number         0  sys.o ABSOLUTE
    dc.s                                     0x00000000   Number         0  dc.o ABSOLUTE
    main.c                                   0x00000000   Number         0  main.o ABSOLUTE
    stm32f10x_it.c                           0x00000000   Number         0  stm32f10x_it.o ABSOLUTE
    system_stm32f10x.c                       0x00000000   Number         0  system_stm32f10x.o ABSOLUTE
    RESET                                    0x08000000   Section      304  startup_stm32f10x_hd.o(RESET)
    !!!main                                  0x08000130   Section        8  __main.o(!!!main)
    !!!scatter                               0x08000138   Section       52  __scatter.o(!!!scatter)
    !!dclz77c                                0x0800016c   Section      100  __dclz77c.o(!!dclz77c)
    !!handler_zi                             0x080001d0   Section       28  __scatter_zi.o(!!handler_zi)
    .ARM.Collect$$_printf_percent$$00000000  0x080001ec   Section        0  _printf_percent.o(.ARM.Collect$$_printf_percent$$00000000)
    .ARM.Collect$$_printf_percent$$00000009  0x080001ec   Section        6  _printf_d.o(.ARM.Collect$$_printf_percent$$00000009)
    .ARM.Collect$$_printf_percent$$00000017  0x080001f2   Section        4  _printf_percent_end.o(.ARM.Collect$$_printf_percent$$00000017)
    .ARM.Collect$$libinit$$00000000          0x080001f6   Section        2  libinit.o(.ARM.Collect$$libinit$$00000000)
    .ARM.Collect$$libinit$$00000002          0x080001f8   Section        0  libinit2.o(.ARM.Collect$$libinit$$00000002)
    .ARM.Collect$$libinit$$00000004          0x080001f8   Section        0  libinit2.o(.ARM.Collect$$libinit$$00000004)
    .ARM.Collect$$libinit$$0000000A          0x080001f8   Section        0  libinit2.o(.ARM.Collect$$libinit$$0000000A)
    .ARM.Collect$$libinit$$0000000C          0x080001f8   Section        0  libinit2.o(.ARM.Collect$$libinit$$0000000C)
    .ARM.Collect$$libinit$$0000000E          0x080001f8   Section        0  libinit2.o(.ARM.Collect$$libinit$$0000000E)
    .ARM.Collect$$libinit$$00000011          0x080001f8   Section        0  libinit2.o(.ARM.Collect$$libinit$$00000011)
    .ARM.Collect$$libinit$$00000013          0x080001f8   Section        0  libinit2.o(.ARM.Collect$$libinit$$00000013)
    .ARM.Collect$$libinit$$00000015          0x080001f8   Section        0  libinit2.o(.ARM.Collect$$libinit$$00000015)
    .ARM.Collect$$libinit$$00000017          0x080001f8   Section        0  libinit2.o(.ARM.Collect$$libinit$$00000017)
    .ARM.Collect$$libinit$$00000019          0x080001f8   Section        0  libinit2.o(.ARM.Collect$$libinit$$00000019)
    .ARM.Collect$$libinit$$0000001B          0x080001f8   Section        0  libinit2.o(.ARM.Collect$$libinit$$0000001B)
    .ARM.Collect$$libinit$$0000001D          0x080001f8   Section        0  libinit2.o(.ARM.Collect$$libinit$$0000001D)
    .ARM.Collect$$libinit$$0000001F          0x080001f8   Section        0  libinit2.o(.ARM.Collect$$libinit$$0000001F)
    .ARM.Collect$$libinit$$00000021          0x080001f8   Section        0  libinit2.o(.ARM.Collect$$libinit$$00000021)
    .ARM.Collect$$libinit$$00000023          0x080001f8   Section        0  libinit2.o(.ARM.Collect$$libinit$$00000023)
    .ARM.Collect$$libinit$$00000025          0x080001f8   Section        0  libinit2.o(.ARM.Collect$$libinit$$00000025)
    .ARM.Collect$$libinit$$0000002C          0x080001f8   Section        0  libinit2.o(.ARM.Collect$$libinit$$0000002C)
    .ARM.Collect$$libinit$$0000002E          0x080001f8   Section        0  libinit2.o(.ARM.Collect$$libinit$$0000002E)
    .ARM.Collect$$libinit$$00000030          0x080001f8   Section        0  libinit2.o(.ARM.Collect$$libinit$$00000030)
    .ARM.Collect$$libinit$$00000032          0x080001f8   Section        0  libinit2.o(.ARM.Collect$$libinit$$00000032)
    .ARM.Collect$$libinit$$00000033          0x080001f8   Section        2  libinit2.o(.ARM.Collect$$libinit$$00000033)
    .ARM.Collect$$libshutdown$$00000000      0x080001fa   Section        2  libshutdown.o(.ARM.Collect$$libshutdown$$00000000)
    .ARM.Collect$$libshutdown$$00000002      0x080001fc   Section        0  libshutdown2.o(.ARM.Collect$$libshutdown$$00000002)
    .ARM.Collect$$libshutdown$$00000004      0x080001fc   Section        0  libshutdown2.o(.ARM.Collect$$libshutdown$$00000004)
    .ARM.Collect$$libshutdown$$00000007      0x080001fc   Section        0  libshutdown2.o(.ARM.Collect$$libshutdown$$00000007)
    .ARM.Collect$$libshutdown$$0000000A      0x080001fc   Section        0  libshutdown2.o(.ARM.Collect$$libshutdown$$0000000A)
    .ARM.Collect$$libshutdown$$0000000C      0x080001fc   Section        0  libshutdown2.o(.ARM.Collect$$libshutdown$$0000000C)
    .ARM.Collect$$libshutdown$$0000000F      0x080001fc   Section        0  libshutdown2.o(.ARM.Collect$$libshutdown$$0000000F)
    .ARM.Collect$$libshutdown$$00000010      0x080001fc   Section        2  libshutdown2.o(.ARM.Collect$$libshutdown$$00000010)
    .ARM.Collect$$rtentry$$00000000          0x080001fe   Section        0  __rtentry.o(.ARM.Collect$$rtentry$$00000000)
    .ARM.Collect$$rtentry$$00000002          0x080001fe   Section        0  __rtentry2.o(.ARM.Collect$$rtentry$$00000002)
    .ARM.Collect$$rtentry$$00000004          0x080001fe   Section        6  __rtentry4.o(.ARM.Collect$$rtentry$$00000004)
    .ARM.Collect$$rtentry$$00000009          0x08000204   Section        0  __rtentry2.o(.ARM.Collect$$rtentry$$00000009)
    .ARM.Collect$$rtentry$$0000000A          0x08000204   Section        4  __rtentry2.o(.ARM.Collect$$rtentry$$0000000A)
    .ARM.Collect$$rtentry$$0000000C          0x08000208   Section        0  __rtentry2.o(.ARM.Collect$$rtentry$$0000000C)
    .ARM.Collect$$rtentry$$0000000D          0x08000208   Section        8  __rtentry2.o(.ARM.Collect$$rtentry$$0000000D)
    .ARM.Collect$$rtexit$$00000000           0x08000210   Section        2  rtexit.o(.ARM.Collect$$rtexit$$00000000)
    .ARM.Collect$$rtexit$$00000002           0x08000212   Section        0  rtexit2.o(.ARM.Collect$$rtexit$$00000002)
    .ARM.Collect$$rtexit$$00000003           0x08000212   Section        4  rtexit2.o(.ARM.Collect$$rtexit$$00000003)
    .ARM.Collect$$rtexit$$00000004           0x08000216   Section        6  rtexit2.o(.ARM.Collect$$rtexit$$00000004)
    .text                                    0x0800021c   Section       64  startup_stm32f10x_hd.o(.text)
    .text                                    0x0800025c   Section        2  use_no_semi_2.o(.text)
    .text                                    0x08000260   Section        0  noretval__2printf.o(.text)
    .text                                    0x08000278   Section        0  noretval__2sprintf.o(.text)
    .text                                    0x080002a0   Section        0  __printf.o(.text)
    .text                                    0x08000308   Section        0  _printf_dec.o(.text)
    .text                                    0x08000380   Section        0  heapauxi.o(.text)
    .text                                    0x08000386   Section        2  use_no_semi.o(.text)
    .text                                    0x08000388   Section        0  _printf_intcommon.o(.text)
    .text                                    0x0800043c   Section        0  _printf_char_common.o(.text)
    _printf_input_char                       0x0800043d   Thumb Code    10  _printf_char_common.o(.text)
    .text                                    0x0800046c   Section        0  _sputc.o(.text)
    .text                                    0x08000478   Section        0  _printf_char_file.o(.text)
    .text                                    0x0800049c   Section        0  ferror.o(.text)
    .text                                    0x080004a4   Section       74  sys_stackheap_outer.o(.text)
    .text                                    0x080004ee   Section        0  exit.o(.text)
    .text                                    0x08000500   Section        8  libspace.o(.text)
    i.ADC_Cmd                                0x08000508   Section        0  stm32f10x_adc.o(i.ADC_Cmd)
    i.ADC_DeInit                             0x08000520   Section        0  stm32f10x_adc.o(i.ADC_DeInit)
    i.ADC_GetCalibrationStatus               0x0800057c   Section        0  stm32f10x_adc.o(i.ADC_GetCalibrationStatus)
    i.ADC_GetConversionValue                 0x08000590   Section        0  stm32f10x_adc.o(i.ADC_GetConversionValue)
    i.ADC_GetFlagStatus                      0x08000598   Section        0  stm32f10x_adc.o(i.ADC_GetFlagStatus)
    i.ADC_GetResetCalibrationStatus          0x080005aa   Section        0  stm32f10x_adc.o(i.ADC_GetResetCalibrationStatus)
    i.ADC_Init                               0x080005c0   Section        0  stm32f10x_adc.o(i.ADC_Init)
    i.ADC_RegularChannelConfig               0x08000610   Section        0  stm32f10x_adc.o(i.ADC_RegularChannelConfig)
    i.ADC_ResetCalibration                   0x080006c8   Section        0  stm32f10x_adc.o(i.ADC_ResetCalibration)
    i.ADC_SoftwareStartConvCmd               0x080006d2   Section        0  stm32f10x_adc.o(i.ADC_SoftwareStartConvCmd)
    i.ADC_StartCalibration                   0x080006e8   Section        0  stm32f10x_adc.o(i.ADC_StartCalibration)
    i.BPH                                    0x080006f4   Section        0  tcs230.o(i.BPH)
    i.BusFault_Handler                       0x08000810   Section        0  stm32f10x_it.o(i.BusFault_Handler)
    i.DCT_init                               0x08000814   Section        0  main.o(i.DCT_init)
    i.DebugMon_Handler                       0x08000854   Section        0  stm32f10x_it.o(i.DebugMon_Handler)
    i.EXTI4_IRQHandler                       0x08000858   Section        0  tcs230.o(i.EXTI4_IRQHandler)
    i.EXTI_ClearITPendingBit                 0x080008dc   Section        0  stm32f10x_exti.o(i.EXTI_ClearITPendingBit)
    i.EXTI_Config                            0x080008e8   Section        0  tcs230.o(i.EXTI_Config)
    i.EXTI_GetITStatus                       0x08000910   Section        0  stm32f10x_exti.o(i.EXTI_GetITStatus)
    i.EXTI_Init                              0x08000938   Section        0  stm32f10x_exti.o(i.EXTI_Init)
    i.GPIO_EXTILineConfig                    0x080009cc   Section        0  stm32f10x_gpio.o(i.GPIO_EXTILineConfig)
    i.GPIO_Init                              0x08000a0c   Section        0  stm32f10x_gpio.o(i.GPIO_Init)
    i.GPIO_PinRemapConfig                    0x08000b24   Section        0  stm32f10x_gpio.o(i.GPIO_PinRemapConfig)
    i.GPIO_ResetBits                         0x08000bb4   Section        0  stm32f10x_gpio.o(i.GPIO_ResetBits)
    i.GPIO_SetBits                           0x08000bb8   Section        0  stm32f10x_gpio.o(i.GPIO_SetBits)
    i.Get_adc1                               0x08000bbc   Section        0  adc1.o(i.Get_adc1)
    i.Get_adc1_Average                       0x08000bf0   Section        0  adc1.o(i.Get_adc1_Average)
    i.HardFault_Handler                      0x08000c1e   Section        0  stm32f10x_it.o(i.HardFault_Handler)
    i.Hui_Init                               0x08000c24   Section        0  sensor.o(i.Hui_Init)
    i.I2C_CheckEvent                         0x08000c5c   Section        0  stm32f10x_i2c.o(i.I2C_CheckEvent)
    i.I2C_Cmd                                0x08000c86   Section        0  stm32f10x_i2c.o(i.I2C_Cmd)
    i.I2C_Configuration                      0x08000ca0   Section        0  oled_iic.o(i.I2C_Configuration)
    i.I2C_DeInit                             0x08000d1c   Section        0  stm32f10x_i2c.o(i.I2C_DeInit)
    i.I2C_GenerateSTART                      0x08000d54   Section        0  stm32f10x_i2c.o(i.I2C_GenerateSTART)
    i.I2C_GenerateSTOP                       0x08000d6c   Section        0  stm32f10x_i2c.o(i.I2C_GenerateSTOP)
    i.I2C_GetFlagStatus                      0x08000d84   Section        0  stm32f10x_i2c.o(i.I2C_GetFlagStatus)
    i.I2C_Init                               0x08000dc0   Section        0  stm32f10x_i2c.o(i.I2C_Init)
    i.I2C_Send7bitAddress                    0x08000eac   Section        0  stm32f10x_i2c.o(i.I2C_Send7bitAddress)
    i.I2C_SendData                           0x08000ebe   Section        0  stm32f10x_i2c.o(i.I2C_SendData)
    i.I2C_WriteByte                          0x08000ec4   Section        0  oled_iic.o(i.I2C_WriteByte)
    i.MY_NVIC_Init                           0x08000f50   Section        0  sys.o(i.MY_NVIC_Init)
    i.MY_NVIC_PriorityGroupConfig            0x08000fc8   Section        0  sys.o(i.MY_NVIC_PriorityGroupConfig)
    i.MemManage_Handler                      0x08000ff0   Section        0  stm32f10x_it.o(i.MemManage_Handler)
    i.Motor_Dir_init                         0x08000ff4   Section        0  motor.o(i.Motor_Dir_init)
    i.Motor_PWM_Init                         0x08001040   Section        0  motor.o(i.Motor_PWM_Init)
    i.Motor_all_init                         0x080010ec   Section        0  motor.o(i.Motor_all_init)
    i.Move                                   0x08001100   Section        0  motor.o(i.Move)
    i.NMI_Handler                            0x080011d0   Section        0  stm32f10x_it.o(i.NMI_Handler)
    i.NVIC_Config                            0x080011d2   Section        0  tcs230.o(i.NVIC_Config)
    i.NVIC_Init                              0x08001218   Section        0  misc.o(i.NVIC_Init)
    i.NVIC_PriorityGroupConfig               0x08001288   Section        0  misc.o(i.NVIC_PriorityGroupConfig)
    i.OLED_CLS                               0x0800129c   Section        0  oled_iic.o(i.OLED_CLS)
    i.OLED_DrawBMP                           0x080012a6   Section        0  oled_iic.o(i.OLED_DrawBMP)
    i.OLED_Fill                              0x0800131a   Section        0  oled_iic.o(i.OLED_Fill)
    i.OLED_Init                              0x08001354   Section        0  oled_iic.o(i.OLED_Init)
    i.OLED_SetPos                            0x0800140a   Section        0  oled_iic.o(i.OLED_SetPos)
    i.OLED_ShowCN                            0x08001434   Section        0  oled_iic.o(i.OLED_ShowCN)
    i.OLED_ShowStr                           0x08001488   Section        0  oled_iic.o(i.OLED_ShowStr)
    i.PendSV_Handler                         0x08001574   Section        0  stm32f10x_it.o(i.PendSV_Handler)
    i.RCC_ADCCLKConfig                       0x08001578   Section        0  stm32f10x_rcc.o(i.RCC_ADCCLKConfig)
    i.RCC_APB1PeriphClockCmd                 0x08001590   Section        0  stm32f10x_rcc.o(i.RCC_APB1PeriphClockCmd)
    i.RCC_APB1PeriphResetCmd                 0x080015b0   Section        0  stm32f10x_rcc.o(i.RCC_APB1PeriphResetCmd)
    i.RCC_APB2PeriphClockCmd                 0x080015d0   Section        0  stm32f10x_rcc.o(i.RCC_APB2PeriphClockCmd)
    i.RCC_APB2PeriphResetCmd                 0x080015f0   Section        0  stm32f10x_rcc.o(i.RCC_APB2PeriphResetCmd)
    i.RCC_GetClocksFreq                      0x08001610   Section        0  stm32f10x_rcc.o(i.RCC_GetClocksFreq)
    i.RGB565                                 0x080016e4   Section        0  tcs230.o(i.RGB565)
    i.SVC_Handler                            0x080017b0   Section        0  stm32f10x_it.o(i.SVC_Handler)
    i.Sensor_all_init                        0x080017b2   Section        0  sensor.o(i.Sensor_all_init)
    i.SetSysClock                            0x080017ba   Section        0  system_stm32f10x.o(i.SetSysClock)
    SetSysClock                              0x080017bb   Thumb Code     8  system_stm32f10x.o(i.SetSysClock)
    i.SetSysClockTo72                        0x080017c4   Section        0  system_stm32f10x.o(i.SetSysClockTo72)
    SetSysClockTo72                          0x080017c5   Thumb Code   214  system_stm32f10x.o(i.SetSysClockTo72)
    i.SysTick_CLKSourceConfig                0x080018a4   Section        0  misc.o(i.SysTick_CLKSourceConfig)
    i.SysTick_Handler                        0x080018cc   Section        0  stm32f10x_it.o(i.SysTick_Handler)
    i.SystemInit                             0x080018d0   Section        0  system_stm32f10x.o(i.SystemInit)
    i.TCS230_GPIO_Config                     0x08001930   Section        0  tcs230.o(i.TCS230_GPIO_Config)
    i.TIM2_IRQHandler                        0x08001984   Section        0  tcs230.o(i.TIM2_IRQHandler)
    i.TIM2_config                            0x080019c0   Section        0  tcs230.o(i.TIM2_config)
    i.TIM3_IRQHandler                        0x08001a04   Section        0  timer.o(i.TIM3_IRQHandler)
    i.TIM3_init                              0x080020cc   Section        0  timer.o(i.TIM3_init)
    i.TIM_ARRPreloadConfig                   0x0800211c   Section        0  stm32f10x_tim.o(i.TIM_ARRPreloadConfig)
    i.TIM_ClearITPendingBit                  0x08002134   Section        0  stm32f10x_tim.o(i.TIM_ClearITPendingBit)
    i.TIM_Cmd                                0x0800213a   Section        0  stm32f10x_tim.o(i.TIM_Cmd)
    i.TIM_GetITStatus                        0x08002152   Section        0  stm32f10x_tim.o(i.TIM_GetITStatus)
    i.TIM_ITConfig                           0x08002174   Section        0  stm32f10x_tim.o(i.TIM_ITConfig)
    i.TIM_OC1PreloadConfig                   0x08002186   Section        0  stm32f10x_tim.o(i.TIM_OC1PreloadConfig)
    i.TIM_OC2PreloadConfig                   0x08002198   Section        0  stm32f10x_tim.o(i.TIM_OC2PreloadConfig)
    i.TIM_OC3Init                            0x080021b4   Section        0  stm32f10x_tim.o(i.TIM_OC3Init)
    i.TIM_OC4Init                            0x08002254   Section        0  stm32f10x_tim.o(i.TIM_OC4Init)
    i.TIM_SetCompare3                        0x080022d0   Section        0  stm32f10x_tim.o(i.TIM_SetCompare3)
    i.TIM_SetCompare4                        0x080022d4   Section        0  stm32f10x_tim.o(i.TIM_SetCompare4)
    i.TIM_SetCounter                         0x080022da   Section        0  stm32f10x_tim.o(i.TIM_SetCounter)
    i.TIM_TimeBaseInit                       0x080022e0   Section        0  stm32f10x_tim.o(i.TIM_TimeBaseInit)
    i.USART1_IRQHandler                      0x08002384   Section        0  usart.o(i.USART1_IRQHandler)
    i.USART_Cmd                              0x080023a8   Section        0  stm32f10x_usart.o(i.USART_Cmd)
    i.USART_GetITStatus                      0x080023c0   Section        0  stm32f10x_usart.o(i.USART_GetITStatus)
    i.USART_ITConfig                         0x08002414   Section        0  stm32f10x_usart.o(i.USART_ITConfig)
    i.USART_Init                             0x08002460   Section        0  stm32f10x_usart.o(i.USART_Init)
    i.USART_ReceiveData                      0x08002538   Section        0  stm32f10x_usart.o(i.USART_ReceiveData)
    i.USART_SendData                         0x08002542   Section        0  stm32f10x_usart.o(i.USART_SendData)
    i.UsageFault_Handler                     0x0800254a   Section        0  stm32f10x_it.o(i.UsageFault_Handler)
    i.WriteCmd                               0x0800254e   Section        0  oled_iic.o(i.WriteCmd)
    i.WriteDat                               0x0800255c   Section        0  oled_iic.o(i.WriteDat)
    i._sys_exit                              0x0800256a   Section        0  usart.o(i._sys_exit)
    i.adc1_Init                              0x08002570   Section        0  adc1.o(i.adc1_Init)
    i.delay_init                             0x080025fc   Section        0  delay.o(i.delay_init)
    i.delay_ms                               0x08002640   Section        0  delay.o(i.delay_ms)
    i.fputc                                  0x0800268c   Section        0  usart.o(i.fputc)
    i.main                                   0x080026a8   Section        0  main.o(i.main)
    i.motor_control                          0x0800273c   Section        0  xunji.o(i.motor_control)
    i.read_sensor_values                     0x080028c4   Section        0  xunji.o(i.read_sensor_values)
    i.show_bmp                               0x08002c94   Section        0  oled_iic.o(i.show_bmp)
    i.uart_init                              0x08002e04   Section        0  usart.o(i.uart_init)
    i.xunji                                  0x08002ea4   Section        0  xunji.o(i.xunji)
    x$fpl$d2f                                0x08002eb0   Section       98  d2f.o(x$fpl$d2f)
    x$fpl$dadd                               0x08002f14   Section      336  daddsub_clz.o(x$fpl$dadd)
    _dadd1                                   0x08002f25   Thumb Code     0  daddsub_clz.o(x$fpl$dadd)
    x$fpl$ddiv                               0x08003064   Section      688  ddiv.o(x$fpl$ddiv)
    ddiv_entry                               0x0800306b   Thumb Code     0  ddiv.o(x$fpl$ddiv)
    x$fpl$dfix                               0x08003314   Section       94  dfix.o(x$fpl$dfix)
    x$fpl$dmul                               0x08003374   Section      340  dmul.o(x$fpl$dmul)
    x$fpl$dnaninf                            0x080034c8   Section      156  dnaninf.o(x$fpl$dnaninf)
    x$fpl$dretinf                            0x08003564   Section       12  dretinf.o(x$fpl$dretinf)
    x$fpl$dsub                               0x08003570   Section      468  daddsub_clz.o(x$fpl$dsub)
    _dsub1                                   0x08003581   Thumb Code     0  daddsub_clz.o(x$fpl$dsub)
    x$fpl$f2d                                0x08003744   Section       86  f2d.o(x$fpl$f2d)
    x$fpl$fdiv                               0x0800379c   Section      388  fdiv.o(x$fpl$fdiv)
    _fdiv1                                   0x0800379d   Thumb Code     0  fdiv.o(x$fpl$fdiv)
    x$fpl$ffix                               0x08003920   Section       54  ffix.o(x$fpl$ffix)
    x$fpl$fflt                               0x08003958   Section       48  fflt_clz.o(x$fpl$fflt)
    x$fpl$ffltu                              0x08003988   Section       38  fflt_clz.o(x$fpl$ffltu)
    x$fpl$fmul                               0x080039b0   Section      258  fmul.o(x$fpl$fmul)
    x$fpl$fnaninf                            0x08003ab2   Section      140  fnaninf.o(x$fpl$fnaninf)
    x$fpl$fretinf                            0x08003b3e   Section       10  fretinf.o(x$fpl$fretinf)
    .constdata                               0x08003b48   Section     2468  oled_iic.o(.constdata)
    x$fpl$usenofp                            0x08003b48   Section        0  usenofp.o(x$fpl$usenofp)
    .data                                    0x20000000   Section       28  main.o(.data)
    .data                                    0x2000001c   Section       20  system_stm32f10x.o(.data)
    .data                                    0x20000030   Section        4  delay.o(.data)
    fac_us                                   0x20000030   Data           1  delay.o(.data)
    fac_ms                                   0x20000032   Data           2  delay.o(.data)
    .data                                    0x20000034   Section        6  usart.o(.data)
    .data                                    0x2000003a   Section       20  stm32f10x_rcc.o(.data)
    APBAHBPrescTable                         0x2000003a   Data          16  stm32f10x_rcc.o(.data)
    ADCPrescTable                            0x2000004a   Data           4  stm32f10x_rcc.o(.data)
    .data                                    0x20000050   Section        4  xunji.o(.data)
    .data                                    0x20000054   Section     4086  oled_iic.o(.data)
    .data                                    0x2000104c   Section       85  timer.o(.data)
    .data                                    0x200010a4   Section       28  tcs230.o(.data)
    .bss                                     0x200010c0   Section      256  oled_iic.o(.bss)
    .bss                                     0x200011c0   Section       96  libspace.o(.bss)
    HEAP                                     0x20001220   Section      512  startup_stm32f10x_hd.o(HEAP)
    Heap_Mem                                 0x20001220   Data         512  startup_stm32f10x_hd.o(HEAP)
    STACK                                    0x20001420   Section     1024  startup_stm32f10x_hd.o(STACK)
    Stack_Mem                                0x20001420   Data        1024  startup_stm32f10x_hd.o(STACK)
    __initial_sp                             0x20001820   Data           0  startup_stm32f10x_hd.o(STACK)

    Global Symbols

    Symbol Name                              Value     Ov Type        Size  Object(Section)

    BuildAttributes$$THM_ISAv4$P$D$K$B$S$PE$A:L22UL41UL21$X:L11$S22US41US21$IEEE1$IW$USESV6$~STKCKD$USESV7$~SHL$OSPACE$ROPI$EBA8$UX$STANDARDLIB$REQ8$PRES8$EABIv2 0x00000000   Number         0  anon$$obj.o ABSOLUTE
    __ARM_use_no_argv                        0x00000000   Number         0  main.o ABSOLUTE
    __ARM_exceptions_init                     - Undefined Weak Reference
    __alloca_initialize                       - Undefined Weak Reference
    __arm_preinit_                            - Undefined Weak Reference
    __cpp_initialize__aeabi_                  - Undefined Weak Reference
    __cxa_finalize                            - Undefined Weak Reference
    __rt_locale                               - Undefined Weak Reference
    __sigvec_lookup                           - Undefined Weak Reference
    _atexit_init                              - Undefined Weak Reference
    _call_atexit_fns                          - Undefined Weak Reference
    _clock_init                               - Undefined Weak Reference
    _fp_trap_init                             - Undefined Weak Reference
    _fp_trap_shutdown                         - Undefined Weak Reference
    _get_lc_collate                           - Undefined Weak Reference
    _get_lc_ctype                             - Undefined Weak Reference
    _get_lc_monetary                          - Undefined Weak Reference
    _get_lc_numeric                           - Undefined Weak Reference
    _get_lc_time                              - Undefined Weak Reference
    _getenv_init                              - Undefined Weak Reference
    _handle_redirection                       - Undefined Weak Reference
    _init_alloc                               - Undefined Weak Reference
    _init_user_alloc                          - Undefined Weak Reference
    _initio                                   - Undefined Weak Reference
    _mutex_acquire                            - Undefined Weak Reference
    _mutex_release                            - Undefined Weak Reference
    _printf_post_padding                      - Undefined Weak Reference
    _printf_pre_padding                       - Undefined Weak Reference
    _printf_truncate_signed                   - Undefined Weak Reference
    _printf_truncate_unsigned                 - Undefined Weak Reference
    _rand_init                                - Undefined Weak Reference
    _signal_finish                            - Undefined Weak Reference
    _signal_init                              - Undefined Weak Reference
    _terminate_alloc                          - Undefined Weak Reference
    _terminate_user_alloc                     - Undefined Weak Reference
    _terminateio                              - Undefined Weak Reference
    __Vectors_Size                           0x00000130   Number         0  startup_stm32f10x_hd.o ABSOLUTE
    __Vectors                                0x08000000   Data           4  startup_stm32f10x_hd.o(RESET)
    __Vectors_End                            0x08000130   Data           0  startup_stm32f10x_hd.o(RESET)
    __main                                   0x08000131   Thumb Code     8  __main.o(!!!main)
    __scatterload                            0x08000139   Thumb Code     0  __scatter.o(!!!scatter)
    __scatterload_rt2                        0x08000139   Thumb Code    44  __scatter.o(!!!scatter)
    __scatterload_rt2_thumb_only             0x08000139   Thumb Code     0  __scatter.o(!!!scatter)
    __scatterload_null                       0x08000147   Thumb Code     0  __scatter.o(!!!scatter)
    __decompress                             0x0800016d   Thumb Code   100  __dclz77c.o(!!dclz77c)
    __decompress2                            0x0800016d   Thumb Code     0  __dclz77c.o(!!dclz77c)
    __scatterload_zeroinit                   0x080001d1   Thumb Code    28  __scatter_zi.o(!!handler_zi)
    _printf_d                                0x080001ed   Thumb Code     0  _printf_d.o(.ARM.Collect$$_printf_percent$$00000009)
    _printf_percent                          0x080001ed   Thumb Code     0  _printf_percent.o(.ARM.Collect$$_printf_percent$$00000000)
    _printf_percent_end                      0x080001f3   Thumb Code     0  _printf_percent_end.o(.ARM.Collect$$_printf_percent$$00000017)
    __rt_lib_init                            0x080001f7   Thumb Code     0  libinit.o(.ARM.Collect$$libinit$$00000000)
    __rt_lib_init_alloca_1                   0x080001f9   Thumb Code     0  libinit2.o(.ARM.Collect$$libinit$$0000002E)
    __rt_lib_init_argv_1                     0x080001f9   Thumb Code     0  libinit2.o(.ARM.Collect$$libinit$$0000002C)
    __rt_lib_init_atexit_1                   0x080001f9   Thumb Code     0  libinit2.o(.ARM.Collect$$libinit$$0000001B)
    __rt_lib_init_clock_1                    0x080001f9   Thumb Code     0  libinit2.o(.ARM.Collect$$libinit$$00000021)
    __rt_lib_init_cpp_1                      0x080001f9   Thumb Code     0  libinit2.o(.ARM.Collect$$libinit$$00000032)
    __rt_lib_init_exceptions_1               0x080001f9   Thumb Code     0  libinit2.o(.ARM.Collect$$libinit$$00000030)
    __rt_lib_init_fp_1                       0x080001f9   Thumb Code     0  libinit2.o(.ARM.Collect$$libinit$$00000002)
    __rt_lib_init_fp_trap_1                  0x080001f9   Thumb Code     0  libinit2.o(.ARM.Collect$$libinit$$0000001F)
    __rt_lib_init_getenv_1                   0x080001f9   Thumb Code     0  libinit2.o(.ARM.Collect$$libinit$$00000023)
    __rt_lib_init_heap_1                     0x080001f9   Thumb Code     0  libinit2.o(.ARM.Collect$$libinit$$0000000A)
    __rt_lib_init_lc_collate_1               0x080001f9   Thumb Code     0  libinit2.o(.ARM.Collect$$libinit$$00000011)
    __rt_lib_init_lc_ctype_1                 0x080001f9   Thumb Code     0  libinit2.o(.ARM.Collect$$libinit$$00000013)
    __rt_lib_init_lc_monetary_1              0x080001f9   Thumb Code     0  libinit2.o(.ARM.Collect$$libinit$$00000015)
    __rt_lib_init_lc_numeric_1               0x080001f9   Thumb Code     0  libinit2.o(.ARM.Collect$$libinit$$00000017)
    __rt_lib_init_lc_time_1                  0x080001f9   Thumb Code     0  libinit2.o(.ARM.Collect$$libinit$$00000019)
    __rt_lib_init_preinit_1                  0x080001f9   Thumb Code     0  libinit2.o(.ARM.Collect$$libinit$$00000004)
    __rt_lib_init_rand_1                     0x080001f9   Thumb Code     0  libinit2.o(.ARM.Collect$$libinit$$0000000E)
    __rt_lib_init_return                     0x080001f9   Thumb Code     0  libinit2.o(.ARM.Collect$$libinit$$00000033)
    __rt_lib_init_signal_1                   0x080001f9   Thumb Code     0  libinit2.o(.ARM.Collect$$libinit$$0000001D)
    __rt_lib_init_stdio_1                    0x080001f9   Thumb Code     0  libinit2.o(.ARM.Collect$$libinit$$00000025)
    __rt_lib_init_user_alloc_1               0x080001f9   Thumb Code     0  libinit2.o(.ARM.Collect$$libinit$$0000000C)
    __rt_lib_shutdown                        0x080001fb   Thumb Code     0  libshutdown.o(.ARM.Collect$$libshutdown$$00000000)
    __rt_lib_shutdown_cpp_1                  0x080001fd   Thumb Code     0  libshutdown2.o(.ARM.Collect$$libshutdown$$00000002)
    __rt_lib_shutdown_fp_trap_1              0x080001fd   Thumb Code     0  libshutdown2.o(.ARM.Collect$$libshutdown$$00000007)
    __rt_lib_shutdown_heap_1                 0x080001fd   Thumb Code     0  libshutdown2.o(.ARM.Collect$$libshutdown$$0000000F)
    __rt_lib_shutdown_return                 0x080001fd   Thumb Code     0  libshutdown2.o(.ARM.Collect$$libshutdown$$00000010)
    __rt_lib_shutdown_signal_1               0x080001fd   Thumb Code     0  libshutdown2.o(.ARM.Collect$$libshutdown$$0000000A)
    __rt_lib_shutdown_stdio_1                0x080001fd   Thumb Code     0  libshutdown2.o(.ARM.Collect$$libshutdown$$00000004)
    __rt_lib_shutdown_user_alloc_1           0x080001fd   Thumb Code     0  libshutdown2.o(.ARM.Collect$$libshutdown$$0000000C)
    __rt_entry                               0x080001ff   Thumb Code     0  __rtentry.o(.ARM.Collect$$rtentry$$00000000)
    __rt_entry_presh_1                       0x080001ff   Thumb Code     0  __rtentry2.o(.ARM.Collect$$rtentry$$00000002)
    __rt_entry_sh                            0x080001ff   Thumb Code     0  __rtentry4.o(.ARM.Collect$$rtentry$$00000004)
    __rt_entry_li                            0x08000205   Thumb Code     0  __rtentry2.o(.ARM.Collect$$rtentry$$0000000A)
    __rt_entry_postsh_1                      0x08000205   Thumb Code     0  __rtentry2.o(.ARM.Collect$$rtentry$$00000009)
    __rt_entry_main                          0x08000209   Thumb Code     0  __rtentry2.o(.ARM.Collect$$rtentry$$0000000D)
    __rt_entry_postli_1                      0x08000209   Thumb Code     0  __rtentry2.o(.ARM.Collect$$rtentry$$0000000C)
    __rt_exit                                0x08000211   Thumb Code     0  rtexit.o(.ARM.Collect$$rtexit$$00000000)
    __rt_exit_ls                             0x08000213   Thumb Code     0  rtexit2.o(.ARM.Collect$$rtexit$$00000003)
    __rt_exit_prels_1                        0x08000213   Thumb Code     0  rtexit2.o(.ARM.Collect$$rtexit$$00000002)
    __rt_exit_exit                           0x08000217   Thumb Code     0  rtexit2.o(.ARM.Collect$$rtexit$$00000004)
    Reset_Handler                            0x0800021d   Thumb Code     8  startup_stm32f10x_hd.o(.text)
    ADC1_2_IRQHandler                        0x08000237   Thumb Code     0  startup_stm32f10x_hd.o(.text)
    ADC3_IRQHandler                          0x08000237   Thumb Code     0  startup_stm32f10x_hd.o(.text)
    CAN1_RX1_IRQHandler                      0x08000237   Thumb Code     0  startup_stm32f10x_hd.o(.text)
    CAN1_SCE_IRQHandler                      0x08000237   Thumb Code     0  startup_stm32f10x_hd.o(.text)
    DMA1_Channel1_IRQHandler                 0x08000237   Thumb Code     0  startup_stm32f10x_hd.o(.text)
    DMA1_Channel2_IRQHandler                 0x08000237   Thumb Code     0  startup_stm32f10x_hd.o(.text)
    DMA1_Channel3_IRQHandler                 0x08000237   Thumb Code     0  startup_stm32f10x_hd.o(.text)
    DMA1_Channel4_IRQHandler                 0x08000237   Thumb Code     0  startup_stm32f10x_hd.o(.text)
    DMA1_Channel5_IRQHandler                 0x08000237   Thumb Code     0  startup_stm32f10x_hd.o(.text)
    DMA1_Channel6_IRQHandler                 0x08000237   Thumb Code     0  startup_stm32f10x_hd.o(.text)
    DMA1_Channel7_IRQHandler                 0x08000237   Thumb Code     0  startup_stm32f10x_hd.o(.text)
    DMA2_Channel1_IRQHandler                 0x08000237   Thumb Code     0  startup_stm32f10x_hd.o(.text)
    DMA2_Channel2_IRQHandler                 0x08000237   Thumb Code     0  startup_stm32f10x_hd.o(.text)
    DMA2_Channel3_IRQHandler                 0x08000237   Thumb Code     0  startup_stm32f10x_hd.o(.text)
    DMA2_Channel4_5_IRQHandler               0x08000237   Thumb Code     0  startup_stm32f10x_hd.o(.text)
    EXTI0_IRQHandler                         0x08000237   Thumb Code     0  startup_stm32f10x_hd.o(.text)
    EXTI15_10_IRQHandler                     0x08000237   Thumb Code     0  startup_stm32f10x_hd.o(.text)
    EXTI1_IRQHandler                         0x08000237   Thumb Code     0  startup_stm32f10x_hd.o(.text)
    EXTI2_IRQHandler                         0x08000237   Thumb Code     0  startup_stm32f10x_hd.o(.text)
    EXTI3_IRQHandler                         0x08000237   Thumb Code     0  startup_stm32f10x_hd.o(.text)
    EXTI9_5_IRQHandler                       0x08000237   Thumb Code     0  startup_stm32f10x_hd.o(.text)
    FLASH_IRQHandler                         0x08000237   Thumb Code     0  startup_stm32f10x_hd.o(.text)
    FSMC_IRQHandler                          0x08000237   Thumb Code     0  startup_stm32f10x_hd.o(.text)
    I2C1_ER_IRQHandler                       0x08000237   Thumb Code     0  startup_stm32f10x_hd.o(.text)
    I2C1_EV_IRQHandler                       0x08000237   Thumb Code     0  startup_stm32f10x_hd.o(.text)
    I2C2_ER_IRQHandler                       0x08000237   Thumb Code     0  startup_stm32f10x_hd.o(.text)
    I2C2_EV_IRQHandler                       0x08000237   Thumb Code     0  startup_stm32f10x_hd.o(.text)
    PVD_IRQHandler                           0x08000237   Thumb Code     0  startup_stm32f10x_hd.o(.text)
    RCC_IRQHandler                           0x08000237   Thumb Code     0  startup_stm32f10x_hd.o(.text)
    RTCAlarm_IRQHandler                      0x08000237   Thumb Code     0  startup_stm32f10x_hd.o(.text)
    RTC_IRQHandler                           0x08000237   Thumb Code     0  startup_stm32f10x_hd.o(.text)
    SDIO_IRQHandler                          0x08000237   Thumb Code     0  startup_stm32f10x_hd.o(.text)
    SPI1_IRQHandler                          0x08000237   Thumb Code     0  startup_stm32f10x_hd.o(.text)
    SPI2_IRQHandler                          0x08000237   Thumb Code     0  startup_stm32f10x_hd.o(.text)
    SPI3_IRQHandler                          0x08000237   Thumb Code     0  startup_stm32f10x_hd.o(.text)
    TAMPER_IRQHandler                        0x08000237   Thumb Code     0  startup_stm32f10x_hd.o(.text)
    TIM1_BRK_IRQHandler                      0x08000237   Thumb Code     0  startup_stm32f10x_hd.o(.text)
    TIM1_CC_IRQHandler                       0x08000237   Thumb Code     0  startup_stm32f10x_hd.o(.text)
    TIM1_TRG_COM_IRQHandler                  0x08000237   Thumb Code     0  startup_stm32f10x_hd.o(.text)
    TIM1_UP_IRQHandler                       0x08000237   Thumb Code     0  startup_stm32f10x_hd.o(.text)
    TIM4_IRQHandler                          0x08000237   Thumb Code     0  startup_stm32f10x_hd.o(.text)
    TIM5_IRQHandler                          0x08000237   Thumb Code     0  startup_stm32f10x_hd.o(.text)
    TIM6_IRQHandler                          0x08000237   Thumb Code     0  startup_stm32f10x_hd.o(.text)
    TIM7_IRQHandler                          0x08000237   Thumb Code     0  startup_stm32f10x_hd.o(.text)
    TIM8_BRK_IRQHandler                      0x08000237   Thumb Code     0  startup_stm32f10x_hd.o(.text)
    TIM8_CC_IRQHandler                       0x08000237   Thumb Code     0  startup_stm32f10x_hd.o(.text)
    TIM8_TRG_COM_IRQHandler                  0x08000237   Thumb Code     0  startup_stm32f10x_hd.o(.text)
    TIM8_UP_IRQHandler                       0x08000237   Thumb Code     0  startup_stm32f10x_hd.o(.text)
    UART4_IRQHandler                         0x08000237   Thumb Code     0  startup_stm32f10x_hd.o(.text)
    UART5_IRQHandler                         0x08000237   Thumb Code     0  startup_stm32f10x_hd.o(.text)
    USART2_IRQHandler                        0x08000237   Thumb Code     0  startup_stm32f10x_hd.o(.text)
    USART3_IRQHandler                        0x08000237   Thumb Code     0  startup_stm32f10x_hd.o(.text)
    USBWakeUp_IRQHandler                     0x08000237   Thumb Code     0  startup_stm32f10x_hd.o(.text)
    USB_HP_CAN1_TX_IRQHandler                0x08000237   Thumb Code     0  startup_stm32f10x_hd.o(.text)
    USB_LP_CAN1_RX0_IRQHandler               0x08000237   Thumb Code     0  startup_stm32f10x_hd.o(.text)
    WWDG_IRQHandler                          0x08000237   Thumb Code     0  startup_stm32f10x_hd.o(.text)
    __user_initial_stackheap                 0x08000239   Thumb Code     0  startup_stm32f10x_hd.o(.text)
    __use_no_semihosting                     0x0800025d   Thumb Code     2  use_no_semi_2.o(.text)
    __2printf                                0x08000261   Thumb Code    20  noretval__2printf.o(.text)
    __2sprintf                               0x08000279   Thumb Code    34  noretval__2sprintf.o(.text)
    __printf                                 0x080002a1   Thumb Code   104  __printf.o(.text)
    _printf_int_dec                          0x08000309   Thumb Code   104  _printf_dec.o(.text)
    __use_two_region_memory                  0x08000381   Thumb Code     2  heapauxi.o(.text)
    __rt_heap_escrow$2region                 0x08000383   Thumb Code     2  heapauxi.o(.text)
    __rt_heap_expand$2region                 0x08000385   Thumb Code     2  heapauxi.o(.text)
    __I$use$semihosting                      0x08000387   Thumb Code     0  use_no_semi.o(.text)
    __use_no_semihosting_swi                 0x08000387   Thumb Code     2  use_no_semi.o(.text)
    _printf_int_common                       0x08000389   Thumb Code   178  _printf_intcommon.o(.text)
    _printf_char_common                      0x08000447   Thumb Code    32  _printf_char_common.o(.text)
    _sputc                                   0x0800046d   Thumb Code    10  _sputc.o(.text)
    _printf_char_file                        0x08000479   Thumb Code    32  _printf_char_file.o(.text)
    ferror                                   0x0800049d   Thumb Code     8  ferror.o(.text)
    __user_setup_stackheap                   0x080004a5   Thumb Code    74  sys_stackheap_outer.o(.text)
    exit                                     0x080004ef   Thumb Code    18  exit.o(.text)
    __user_libspace                          0x08000501   Thumb Code     8  libspace.o(.text)
    __user_perproc_libspace                  0x08000501   Thumb Code     0  libspace.o(.text)
    __user_perthread_libspace                0x08000501   Thumb Code     0  libspace.o(.text)
    ADC_Cmd                                  0x08000509   Thumb Code    22  stm32f10x_adc.o(i.ADC_Cmd)
    ADC_DeInit                               0x08000521   Thumb Code    78  stm32f10x_adc.o(i.ADC_DeInit)
    ADC_GetCalibrationStatus                 0x0800057d   Thumb Code    20  stm32f10x_adc.o(i.ADC_GetCalibrationStatus)
    ADC_GetConversionValue                   0x08000591   Thumb Code     8  stm32f10x_adc.o(i.ADC_GetConversionValue)
    ADC_GetFlagStatus                        0x08000599   Thumb Code    18  stm32f10x_adc.o(i.ADC_GetFlagStatus)
    ADC_GetResetCalibrationStatus            0x080005ab   Thumb Code    20  stm32f10x_adc.o(i.ADC_GetResetCalibrationStatus)
    ADC_Init                                 0x080005c1   Thumb Code    70  stm32f10x_adc.o(i.ADC_Init)
    ADC_RegularChannelConfig                 0x08000611   Thumb Code   184  stm32f10x_adc.o(i.ADC_RegularChannelConfig)
    ADC_ResetCalibration                     0x080006c9   Thumb Code    10  stm32f10x_adc.o(i.ADC_ResetCalibration)
    ADC_SoftwareStartConvCmd                 0x080006d3   Thumb Code    22  stm32f10x_adc.o(i.ADC_SoftwareStartConvCmd)
    ADC_StartCalibration                     0x080006e9   Thumb Code    10  stm32f10x_adc.o(i.ADC_StartCalibration)
    BPH                                      0x080006f5   Thumb Code   220  tcs230.o(i.BPH)
    BusFault_Handler                         0x08000811   Thumb Code     4  stm32f10x_it.o(i.BusFault_Handler)
    DCT_init                                 0x08000815   Thumb Code    60  main.o(i.DCT_init)
    DebugMon_Handler                         0x08000855   Thumb Code     2  stm32f10x_it.o(i.DebugMon_Handler)
    EXTI4_IRQHandler                         0x08000859   Thumb Code   112  tcs230.o(i.EXTI4_IRQHandler)
    EXTI_ClearITPendingBit                   0x080008dd   Thumb Code     6  stm32f10x_exti.o(i.EXTI_ClearITPendingBit)
    EXTI_Config                              0x080008e9   Thumb Code    40  tcs230.o(i.EXTI_Config)
    EXTI_GetITStatus                         0x08000911   Thumb Code    34  stm32f10x_exti.o(i.EXTI_GetITStatus)
    EXTI_Init                                0x08000939   Thumb Code   142  stm32f10x_exti.o(i.EXTI_Init)
    GPIO_EXTILineConfig                      0x080009cd   Thumb Code    60  stm32f10x_gpio.o(i.GPIO_EXTILineConfig)
    GPIO_Init                                0x08000a0d   Thumb Code   278  stm32f10x_gpio.o(i.GPIO_Init)
    GPIO_PinRemapConfig                      0x08000b25   Thumb Code   138  stm32f10x_gpio.o(i.GPIO_PinRemapConfig)
    GPIO_ResetBits                           0x08000bb5   Thumb Code     4  stm32f10x_gpio.o(i.GPIO_ResetBits)
    GPIO_SetBits                             0x08000bb9   Thumb Code     4  stm32f10x_gpio.o(i.GPIO_SetBits)
    Get_adc1                                 0x08000bbd   Thumb Code    46  adc1.o(i.Get_adc1)
    Get_adc1_Average                         0x08000bf1   Thumb Code    46  adc1.o(i.Get_adc1_Average)
    HardFault_Handler                        0x08000c1f   Thumb Code     4  stm32f10x_it.o(i.HardFault_Handler)
    Hui_Init                                 0x08000c25   Thumb Code    48  sensor.o(i.Hui_Init)
    I2C_CheckEvent                           0x08000c5d   Thumb Code    42  stm32f10x_i2c.o(i.I2C_CheckEvent)
    I2C_Cmd                                  0x08000c87   Thumb Code    24  stm32f10x_i2c.o(i.I2C_Cmd)
    I2C_Configuration                        0x08000ca1   Thumb Code   110  oled_iic.o(i.I2C_Configuration)
    I2C_DeInit                               0x08000d1d   Thumb Code    50  stm32f10x_i2c.o(i.I2C_DeInit)
    I2C_GenerateSTART                        0x08000d55   Thumb Code    24  stm32f10x_i2c.o(i.I2C_GenerateSTART)
    I2C_GenerateSTOP                         0x08000d6d   Thumb Code    24  stm32f10x_i2c.o(i.I2C_GenerateSTOP)
    I2C_GetFlagStatus                        0x08000d85   Thumb Code    58  stm32f10x_i2c.o(i.I2C_GetFlagStatus)
    I2C_Init                                 0x08000dc1   Thumb Code   222  stm32f10x_i2c.o(i.I2C_Init)
    I2C_Send7bitAddress                      0x08000ead   Thumb Code    18  stm32f10x_i2c.o(i.I2C_Send7bitAddress)
    I2C_SendData                             0x08000ebf   Thumb Code     4  stm32f10x_i2c.o(i.I2C_SendData)
    I2C_WriteByte                            0x08000ec5   Thumb Code   126  oled_iic.o(i.I2C_WriteByte)
    MY_NVIC_Init                             0x08000f51   Thumb Code   116  sys.o(i.MY_NVIC_Init)
    MY_NVIC_PriorityGroupConfig              0x08000fc9   Thumb Code    32  sys.o(i.MY_NVIC_PriorityGroupConfig)
    MemManage_Handler                        0x08000ff1   Thumb Code     4  stm32f10x_it.o(i.MemManage_Handler)
    Motor_Dir_init                           0x08000ff5   Thumb Code    70  motor.o(i.Motor_Dir_init)
    Motor_PWM_Init                           0x08001041   Thumb Code   164  motor.o(i.Motor_PWM_Init)
    Motor_all_init                           0x080010ed   Thumb Code    20  motor.o(i.Motor_all_init)
    Move                                     0x08001101   Thumb Code   200  motor.o(i.Move)
    NMI_Handler                              0x080011d1   Thumb Code     2  stm32f10x_it.o(i.NMI_Handler)
    NVIC_Config                              0x080011d3   Thumb Code    68  tcs230.o(i.NVIC_Config)
    NVIC_Init                                0x08001219   Thumb Code   100  misc.o(i.NVIC_Init)
    NVIC_PriorityGroupConfig                 0x08001289   Thumb Code    10  misc.o(i.NVIC_PriorityGroupConfig)
    OLED_CLS                                 0x0800129d   Thumb Code    10  oled_iic.o(i.OLED_CLS)
    OLED_DrawBMP                             0x080012a7   Thumb Code   116  oled_iic.o(i.OLED_DrawBMP)
    OLED_Fill                                0x0800131b   Thumb Code    58  oled_iic.o(i.OLED_Fill)
    OLED_Init                                0x08001355   Thumb Code   182  oled_iic.o(i.OLED_Init)
    OLED_SetPos                              0x0800140b   Thumb Code    40  oled_iic.o(i.OLED_SetPos)
    OLED_ShowCN                              0x08001435   Thumb Code    80  oled_iic.o(i.OLED_ShowCN)
    OLED_ShowStr                             0x08001489   Thumb Code   228  oled_iic.o(i.OLED_ShowStr)
    PendSV_Handler                           0x08001575   Thumb Code     2  stm32f10x_it.o(i.PendSV_Handler)
    RCC_ADCCLKConfig                         0x08001579   Thumb Code    18  stm32f10x_rcc.o(i.RCC_ADCCLKConfig)
    RCC_APB1PeriphClockCmd                   0x08001591   Thumb Code    26  stm32f10x_rcc.o(i.RCC_APB1PeriphClockCmd)
    RCC_APB1PeriphResetCmd                   0x080015b1   Thumb Code    26  stm32f10x_rcc.o(i.RCC_APB1PeriphResetCmd)
    RCC_APB2PeriphClockCmd                   0x080015d1   Thumb Code    26  stm32f10x_rcc.o(i.RCC_APB2PeriphClockCmd)
    RCC_APB2PeriphResetCmd                   0x080015f1   Thumb Code    26  stm32f10x_rcc.o(i.RCC_APB2PeriphResetCmd)
    RCC_GetClocksFreq                        0x08001611   Thumb Code   192  stm32f10x_rcc.o(i.RCC_GetClocksFreq)
    RGB565                                   0x080016e5   Thumb Code   186  tcs230.o(i.RGB565)
    SVC_Handler                              0x080017b1   Thumb Code     2  stm32f10x_it.o(i.SVC_Handler)
    Sensor_all_init                          0x080017b3   Thumb Code     8  sensor.o(i.Sensor_all_init)
    SysTick_CLKSourceConfig                  0x080018a5   Thumb Code    40  misc.o(i.SysTick_CLKSourceConfig)
    SysTick_Handler                          0x080018cd   Thumb Code     2  stm32f10x_it.o(i.SysTick_Handler)
    SystemInit                               0x080018d1   Thumb Code    78  system_stm32f10x.o(i.SystemInit)
    TCS230_GPIO_Config                       0x08001931   Thumb Code    76  tcs230.o(i.TCS230_GPIO_Config)
    TIM2_IRQHandler                          0x08001985   Thumb Code    56  tcs230.o(i.TIM2_IRQHandler)
    TIM2_config                              0x080019c1   Thumb Code    66  tcs230.o(i.TIM2_config)
    TIM3_IRQHandler                          0x08001a05   Thumb Code  1672  timer.o(i.TIM3_IRQHandler)
    TIM3_init                                0x080020cd   Thumb Code    72  timer.o(i.TIM3_init)
    TIM_ARRPreloadConfig                     0x0800211d   Thumb Code    24  stm32f10x_tim.o(i.TIM_ARRPreloadConfig)
    TIM_ClearITPendingBit                    0x08002135   Thumb Code     6  stm32f10x_tim.o(i.TIM_ClearITPendingBit)
    TIM_Cmd                                  0x0800213b   Thumb Code    24  stm32f10x_tim.o(i.TIM_Cmd)
    TIM_GetITStatus                          0x08002153   Thumb Code    34  stm32f10x_tim.o(i.TIM_GetITStatus)
    TIM_ITConfig                             0x08002175   Thumb Code    18  stm32f10x_tim.o(i.TIM_ITConfig)
    TIM_OC1PreloadConfig                     0x08002187   Thumb Code    18  stm32f10x_tim.o(i.TIM_OC1PreloadConfig)
    TIM_OC2PreloadConfig                     0x08002199   Thumb Code    26  stm32f10x_tim.o(i.TIM_OC2PreloadConfig)
    TIM_OC3Init                              0x080021b5   Thumb Code   150  stm32f10x_tim.o(i.TIM_OC3Init)
    TIM_OC4Init                              0x08002255   Thumb Code   114  stm32f10x_tim.o(i.TIM_OC4Init)
    TIM_SetCompare3                          0x080022d1   Thumb Code     4  stm32f10x_tim.o(i.TIM_SetCompare3)
    TIM_SetCompare4                          0x080022d5   Thumb Code     6  stm32f10x_tim.o(i.TIM_SetCompare4)
    TIM_SetCounter                           0x080022db   Thumb Code     4  stm32f10x_tim.o(i.TIM_SetCounter)
    TIM_TimeBaseInit                         0x080022e1   Thumb Code   122  stm32f10x_tim.o(i.TIM_TimeBaseInit)
    USART1_IRQHandler                        0x08002385   Thumb Code    32  usart.o(i.USART1_IRQHandler)
    USART_Cmd                                0x080023a9   Thumb Code    24  stm32f10x_usart.o(i.USART_Cmd)
    USART_GetITStatus                        0x080023c1   Thumb Code    84  stm32f10x_usart.o(i.USART_GetITStatus)
    USART_ITConfig                           0x08002415   Thumb Code    74  stm32f10x_usart.o(i.USART_ITConfig)
    USART_Init                               0x08002461   Thumb Code   210  stm32f10x_usart.o(i.USART_Init)
    USART_ReceiveData                        0x08002539   Thumb Code    10  stm32f10x_usart.o(i.USART_ReceiveData)
    USART_SendData                           0x08002543   Thumb Code     8  stm32f10x_usart.o(i.USART_SendData)
    UsageFault_Handler                       0x0800254b   Thumb Code     4  stm32f10x_it.o(i.UsageFault_Handler)
    WriteCmd                                 0x0800254f   Thumb Code    14  oled_iic.o(i.WriteCmd)
    WriteDat                                 0x0800255d   Thumb Code    14  oled_iic.o(i.WriteDat)
    _sys_exit                                0x0800256b   Thumb Code     4  usart.o(i._sys_exit)
    adc1_Init                                0x08002571   Thumb Code   132  adc1.o(i.adc1_Init)
    delay_init                               0x080025fd   Thumb Code    50  delay.o(i.delay_init)
    delay_ms                                 0x08002641   Thumb Code    72  delay.o(i.delay_ms)
    fputc                                    0x0800268d   Thumb Code    24  usart.o(i.fputc)
    main                                     0x080026a9   Thumb Code   148  main.o(i.main)
    motor_control                            0x0800273d   Thumb Code   370  xunji.o(i.motor_control)
    read_sensor_values                       0x080028c5   Thumb Code   966  xunji.o(i.read_sensor_values)
    show_bmp                                 0x08002c95   Thumb Code   314  oled_iic.o(i.show_bmp)
    uart_init                                0x08002e05   Thumb Code   152  usart.o(i.uart_init)
    xunji                                    0x08002ea5   Thumb Code    12  xunji.o(i.xunji)
    __aeabi_d2f                              0x08002eb1   Thumb Code     0  d2f.o(x$fpl$d2f)
    _d2f                                     0x08002eb1   Thumb Code    98  d2f.o(x$fpl$d2f)
    __aeabi_dadd                             0x08002f15   Thumb Code     0  daddsub_clz.o(x$fpl$dadd)
    _dadd                                    0x08002f15   Thumb Code   332  daddsub_clz.o(x$fpl$dadd)
    __aeabi_ddiv                             0x08003065   Thumb Code     0  ddiv.o(x$fpl$ddiv)
    _ddiv                                    0x08003065   Thumb Code   552  ddiv.o(x$fpl$ddiv)
    __aeabi_d2iz                             0x08003315   Thumb Code     0  dfix.o(x$fpl$dfix)
    _dfix                                    0x08003315   Thumb Code    94  dfix.o(x$fpl$dfix)
    __aeabi_dmul                             0x08003375   Thumb Code     0  dmul.o(x$fpl$dmul)
    _dmul                                    0x08003375   Thumb Code   332  dmul.o(x$fpl$dmul)
    __fpl_dnaninf                            0x080034c9   Thumb Code   156  dnaninf.o(x$fpl$dnaninf)
    __fpl_dretinf                            0x08003565   Thumb Code    12  dretinf.o(x$fpl$dretinf)
    __aeabi_dsub                             0x08003571   Thumb Code     0  daddsub_clz.o(x$fpl$dsub)
    _dsub                                    0x08003571   Thumb Code   464  daddsub_clz.o(x$fpl$dsub)
    __aeabi_f2d                              0x08003745   Thumb Code     0  f2d.o(x$fpl$f2d)
    _f2d                                     0x08003745   Thumb Code    86  f2d.o(x$fpl$f2d)
    __aeabi_fdiv                             0x0800379d   Thumb Code     0  fdiv.o(x$fpl$fdiv)
    _fdiv                                    0x0800379d   Thumb Code   384  fdiv.o(x$fpl$fdiv)
    __aeabi_f2iz                             0x08003921   Thumb Code     0  ffix.o(x$fpl$ffix)
    _ffix                                    0x08003921   Thumb Code    54  ffix.o(x$fpl$ffix)
    __aeabi_i2f                              0x08003959   Thumb Code     0  fflt_clz.o(x$fpl$fflt)
    _fflt                                    0x08003959   Thumb Code    48  fflt_clz.o(x$fpl$fflt)
    __aeabi_ui2f                             0x08003989   Thumb Code     0  fflt_clz.o(x$fpl$ffltu)
    _ffltu                                   0x08003989   Thumb Code    38  fflt_clz.o(x$fpl$ffltu)
    __aeabi_fmul                             0x080039b1   Thumb Code     0  fmul.o(x$fpl$fmul)
    _fmul                                    0x080039b1   Thumb Code   258  fmul.o(x$fpl$fmul)
    __fpl_fnaninf                            0x08003ab3   Thumb Code   140  fnaninf.o(x$fpl$fnaninf)
    __fpl_fretinf                            0x08003b3f   Thumb Code    10  fretinf.o(x$fpl$fretinf)
    F6x8                                     0x08003b48   Data         552  oled_iic.o(.constdata)
    __I$use$fp                               0x08003b48   Number         0  usenofp.o(x$fpl$usenofp)
    F8X16                                    0x08003d70   Data        1520  oled_iic.o(.constdata)
    Region$$Table$$Base                      0x080044ec   Number         0  anon$$obj.o(Region$$Table)
    Region$$Table$$Limit                     0x0800450c   Number         0  anon$$obj.o(Region$$Table)
    Battery                                  0x20000000   Data           4  main.o(.data)
    xssc                                     0x20000004   Data           4  main.o(.data)
    xhzt                                     0x20000008   Data           4  main.o(.data)
    COLOR                                    0x2000000c   Data           4  main.o(.data)
    STOP                                     0x20000010   Data           4  main.o(.data)
    adcx                                     0x20000014   Data           2  main.o(.data)
    vcc                                      0x20000018   Data           4  main.o(.data)
    SystemCoreClock                          0x2000001c   Data           4  system_stm32f10x.o(.data)
    AHBPrescTable                            0x20000020   Data          16  system_stm32f10x.o(.data)
    __stdout                                 0x20000034   Data           4  usart.o(.data)
    USART_RX_STA                             0x20000038   Data           2  usart.o(.data)
    state                                    0x20000050   Data           4  xunji.o(.data)
    F16x16                                   0x20000054   Data         256  oled_iic.o(.data)
    BMP1                                     0x20000154   Data        1024  oled_iic.o(.data)
    B100                                     0x20000554   Data         256  oled_iic.o(.data)
    B90                                      0x20000654   Data         240  oled_iic.o(.data)
    B80                                      0x20000744   Data         256  oled_iic.o(.data)
    B70                                      0x20000844   Data         256  oled_iic.o(.data)
    B60                                      0x20000944   Data         256  oled_iic.o(.data)
    B50                                      0x20000a44   Data         256  oled_iic.o(.data)
    B40                                      0x20000b44   Data         256  oled_iic.o(.data)
    B30                                      0x20000c44   Data         256  oled_iic.o(.data)
    B20                                      0x20000d44   Data         256  oled_iic.o(.data)
    B10                                      0x20000e44   Data         256  oled_iic.o(.data)
    B0                                       0x20000f44   Data         256  oled_iic.o(.data)
    Bef                                      0x20001044   Data           3  oled_iic.o(.data)
    Cur                                      0x20001047   Data           3  oled_iic.o(.data)
    R                                        0x2000104c   Data           4  timer.o(.data)
    G                                        0x20001050   Data           4  timer.o(.data)
    B                                        0x20001054   Data           4  timer.o(.data)
    num                                      0x20001058   Data           4  timer.o(.data)
    time                                     0x2000105c   Data           2  timer.o(.data)
    time0                                    0x2000105e   Data           2  timer.o(.data)
    time1                                    0x20001060   Data           2  timer.o(.data)
    time2                                    0x20001062   Data           2  timer.o(.data)
    time4                                    0x20001064   Data           2  timer.o(.data)
    time5                                    0x20001066   Data           2  timer.o(.data)
    time6                                    0x20001068   Data           2  timer.o(.data)
    time7                                    0x2000106a   Data           2  timer.o(.data)
    time8                                    0x2000106c   Data           2  timer.o(.data)
    time9                                    0x2000106e   Data           2  timer.o(.data)
    time10                                   0x20001070   Data           2  timer.o(.data)
    time11                                   0x20001072   Data           2  timer.o(.data)
    time12                                   0x20001074   Data           2  timer.o(.data)
    time13                                   0x20001076   Data           2  timer.o(.data)
    flag_1ms                                 0x20001078   Data           1  timer.o(.data)
    table0                                   0x20001079   Data          20  timer.o(.data)
    table5                                   0x2000108d   Data          20  timer.o(.data)
    red                                      0x200010a4   Data           4  tcs230.o(.data)
    green                                    0x200010a8   Data           4  tcs230.o(.data)
    blue                                     0x200010ac   Data           4  tcs230.o(.data)
    rgb_value                                0x200010b0   Data           2  tcs230.o(.data)
    flag                                     0x200010b2   Data           1  tcs230.o(.data)
    red_bace                                 0x200010b4   Data           2  tcs230.o(.data)
    green_bace                               0x200010b6   Data           2  tcs230.o(.data)
    blue_bace                                0x200010b8   Data           2  tcs230.o(.data)
    redm                                     0x200010ba   Data           2  tcs230.o(.data)
    greenm                                   0x200010bc   Data           2  tcs230.o(.data)
    bluem                                    0x200010be   Data           2  tcs230.o(.data)
    BCLR                                     0x200010c0   Data         256  oled_iic.o(.bss)
    __libspace_start                         0x200011c0   Data          96  libspace.o(.bss)
    __temporary_stack_top$libspace           0x20001220   Data           0  libspace.o(.bss)



==============================================================================

Memory Map of the image

  Image Entry point : 0x0800021d

  Load Region LR_1 (Base: 0x08000000, Size: 0x000055cc, Max: 0xffffffff, ABSOLUTE, COMPRESSED[0x000049d0])

    Execution Region ER_RO (Base: 0x08000000, Size: 0x0000450c, Max: 0xffffffff, ABSOLUTE)

    Base Addr    Size         Type   Attr      Idx    E Section Name        Object

    0x08000000   0x00000130   Data   RO          447    RESET               startup_stm32f10x_hd.o
    0x08000130   0x00000008   Code   RO         3833  * !!!main             c_w.l(__main.o)
    0x08000138   0x00000034   Code   RO         4050    !!!scatter          c_w.l(__scatter.o)
    0x0800016c   0x00000064   Code   RO         4048    !!dclz77c           c_w.l(__dclz77c.o)
    0x080001d0   0x0000001c   Code   RO         4052    !!handler_zi        c_w.l(__scatter_zi.o)
    0x080001ec   0x00000000   Code   RO         3828    .ARM.Collect$$_printf_percent$$00000000  c_w.l(_printf_percent.o)
    0x080001ec   0x00000006   Code   RO         3827    .ARM.Collect$$_printf_percent$$00000009  c_w.l(_printf_d.o)
    0x080001f2   0x00000004   Code   RO         3882    .ARM.Collect$$_printf_percent$$00000017  c_w.l(_printf_percent_end.o)
    0x080001f6   0x00000002   Code   RO         3922    .ARM.Collect$$libinit$$00000000  c_w.l(libinit.o)
    0x080001f8   0x00000000   Code   RO         3929    .ARM.Collect$$libinit$$00000002  c_w.l(libinit2.o)
    0x080001f8   0x00000000   Code   RO         3931    .ARM.Collect$$libinit$$00000004  c_w.l(libinit2.o)
    0x080001f8   0x00000000   Code   RO         3934    .ARM.Collect$$libinit$$0000000A  c_w.l(libinit2.o)
    0x080001f8   0x00000000   Code   RO         3936    .ARM.Collect$$libinit$$0000000C  c_w.l(libinit2.o)
    0x080001f8   0x00000000   Code   RO         3938    .ARM.Collect$$libinit$$0000000E  c_w.l(libinit2.o)
    0x080001f8   0x00000000   Code   RO         3941    .ARM.Collect$$libinit$$00000011  c_w.l(libinit2.o)
    0x080001f8   0x00000000   Code   RO         3943    .ARM.Collect$$libinit$$00000013  c_w.l(libinit2.o)
    0x080001f8   0x00000000   Code   RO         3945    .ARM.Collect$$libinit$$00000015  c_w.l(libinit2.o)
    0x080001f8   0x00000000   Code   RO         3947    .ARM.Collect$$libinit$$00000017  c_w.l(libinit2.o)
    0x080001f8   0x00000000   Code   RO         3949    .ARM.Collect$$libinit$$00000019  c_w.l(libinit2.o)
    0x080001f8   0x00000000   Code   RO         3951    .ARM.Collect$$libinit$$0000001B  c_w.l(libinit2.o)
    0x080001f8   0x00000000   Code   RO         3953    .ARM.Collect$$libinit$$0000001D  c_w.l(libinit2.o)
    0x080001f8   0x00000000   Code   RO         3955    .ARM.Collect$$libinit$$0000001F  c_w.l(libinit2.o)
    0x080001f8   0x00000000   Code   RO         3957    .ARM.Collect$$libinit$$00000021  c_w.l(libinit2.o)
    0x080001f8   0x00000000   Code   RO         3959    .ARM.Collect$$libinit$$00000023  c_w.l(libinit2.o)
    0x080001f8   0x00000000   Code   RO         3961    .ARM.Collect$$libinit$$00000025  c_w.l(libinit2.o)
    0x080001f8   0x00000000   Code   RO         3965    .ARM.Collect$$libinit$$0000002C  c_w.l(libinit2.o)
    0x080001f8   0x00000000   Code   RO         3967    .ARM.Collect$$libinit$$0000002E  c_w.l(libinit2.o)
    0x080001f8   0x00000000   Code   RO         3969    .ARM.Collect$$libinit$$00000030  c_w.l(libinit2.o)
    0x080001f8   0x00000000   Code   RO         3971    .ARM.Collect$$libinit$$00000032  c_w.l(libinit2.o)
    0x080001f8   0x00000002   Code   RO         3972    .ARM.Collect$$libinit$$00000033  c_w.l(libinit2.o)
    0x080001fa   0x00000002   Code   RO         3990    .ARM.Collect$$libshutdown$$00000000  c_w.l(libshutdown.o)
    0x080001fc   0x00000000   Code   RO         4000    .ARM.Collect$$libshutdown$$00000002  c_w.l(libshutdown2.o)
    0x080001fc   0x00000000   Code   RO         4002    .ARM.Collect$$libshutdown$$00000004  c_w.l(libshutdown2.o)
    0x080001fc   0x00000000   Code   RO         4005    .ARM.Collect$$libshutdown$$00000007  c_w.l(libshutdown2.o)
    0x080001fc   0x00000000   Code   RO         4008    .ARM.Collect$$libshutdown$$0000000A  c_w.l(libshutdown2.o)
    0x080001fc   0x00000000   Code   RO         4010    .ARM.Collect$$libshutdown$$0000000C  c_w.l(libshutdown2.o)
    0x080001fc   0x00000000   Code   RO         4013    .ARM.Collect$$libshutdown$$0000000F  c_w.l(libshutdown2.o)
    0x080001fc   0x00000002   Code   RO         4014    .ARM.Collect$$libshutdown$$00000010  c_w.l(libshutdown2.o)
    0x080001fe   0x00000000   Code   RO         3873    .ARM.Collect$$rtentry$$00000000  c_w.l(__rtentry.o)
    0x080001fe   0x00000000   Code   RO         3893    .ARM.Collect$$rtentry$$00000002  c_w.l(__rtentry2.o)
    0x080001fe   0x00000006   Code   RO         3905    .ARM.Collect$$rtentry$$00000004  c_w.l(__rtentry4.o)
    0x08000204   0x00000000   Code   RO         3895    .ARM.Collect$$rtentry$$00000009  c_w.l(__rtentry2.o)
    0x08000204   0x00000004   Code   RO         3896    .ARM.Collect$$rtentry$$0000000A  c_w.l(__rtentry2.o)
    0x08000208   0x00000000   Code   RO         3898    .ARM.Collect$$rtentry$$0000000C  c_w.l(__rtentry2.o)
    0x08000208   0x00000008   Code   RO         3899    .ARM.Collect$$rtentry$$0000000D  c_w.l(__rtentry2.o)
    0x08000210   0x00000002   Code   RO         3926    .ARM.Collect$$rtexit$$00000000  c_w.l(rtexit.o)
    0x08000212   0x00000000   Code   RO         3974    .ARM.Collect$$rtexit$$00000002  c_w.l(rtexit2.o)
    0x08000212   0x00000004   Code   RO         3975    .ARM.Collect$$rtexit$$00000003  c_w.l(rtexit2.o)
    0x08000216   0x00000006   Code   RO         3976    .ARM.Collect$$rtexit$$00000004  c_w.l(rtexit2.o)
    0x0800021c   0x00000040   Code   RO          448  * .text               startup_stm32f10x_hd.o
    0x0800025c   0x00000002   Code   RO         3793    .text               c_w.l(use_no_semi_2.o)
    0x0800025e   0x00000002   PAD
    0x08000260   0x00000018   Code   RO         3799    .text               c_w.l(noretval__2printf.o)
    0x08000278   0x00000028   Code   RO         3801    .text               c_w.l(noretval__2sprintf.o)
    0x080002a0   0x00000068   Code   RO         3803    .text               c_w.l(__printf.o)
    0x08000308   0x00000078   Code   RO         3805    .text               c_w.l(_printf_dec.o)
    0x08000380   0x00000006   Code   RO         3831    .text               c_w.l(heapauxi.o)
    0x08000386   0x00000002   Code   RO         3871    .text               c_w.l(use_no_semi.o)
    0x08000388   0x000000b2   Code   RO         3874    .text               c_w.l(_printf_intcommon.o)
    0x0800043a   0x00000002   PAD
    0x0800043c   0x00000030   Code   RO         3876    .text               c_w.l(_printf_char_common.o)
    0x0800046c   0x0000000a   Code   RO         3878    .text               c_w.l(_sputc.o)
    0x08000476   0x00000002   PAD
    0x08000478   0x00000024   Code   RO         3880    .text               c_w.l(_printf_char_file.o)
    0x0800049c   0x00000008   Code   RO         3909    .text               c_w.l(ferror.o)
    0x080004a4   0x0000004a   Code   RO         3913    .text               c_w.l(sys_stackheap_outer.o)
    0x080004ee   0x00000012   Code   RO         3915    .text               c_w.l(exit.o)
    0x08000500   0x00000008   Code   RO         3923    .text               c_w.l(libspace.o)
    0x08000508   0x00000016   Code   RO          494    i.ADC_Cmd           stm32f10x_adc.o
    0x0800051e   0x00000002   PAD
    0x08000520   0x0000005c   Code   RO          496    i.ADC_DeInit        stm32f10x_adc.o
    0x0800057c   0x00000014   Code   RO          502    i.ADC_GetCalibrationStatus  stm32f10x_adc.o
    0x08000590   0x00000008   Code   RO          503    i.ADC_GetConversionValue  stm32f10x_adc.o
    0x08000598   0x00000012   Code   RO          505    i.ADC_GetFlagStatus  stm32f10x_adc.o
    0x080005aa   0x00000014   Code   RO          508    i.ADC_GetResetCalibrationStatus  stm32f10x_adc.o
    0x080005be   0x00000002   PAD
    0x080005c0   0x00000050   Code   RO          512    i.ADC_Init          stm32f10x_adc.o
    0x08000610   0x000000b8   Code   RO          516    i.ADC_RegularChannelConfig  stm32f10x_adc.o
    0x080006c8   0x0000000a   Code   RO          517    i.ADC_ResetCalibration  stm32f10x_adc.o
    0x080006d2   0x00000016   Code   RO          519    i.ADC_SoftwareStartConvCmd  stm32f10x_adc.o
    0x080006e8   0x0000000a   Code   RO          521    i.ADC_StartCalibration  stm32f10x_adc.o
    0x080006f2   0x00000002   PAD
    0x080006f4   0x0000011c   Code   RO         3700    i.BPH               tcs230.o
    0x08000810   0x00000004   Code   RO          160    i.BusFault_Handler  stm32f10x_it.o
    0x08000814   0x00000040   Code   RO            1    i.DCT_init          main.o
    0x08000854   0x00000002   Code   RO          161    i.DebugMon_Handler  stm32f10x_it.o
    0x08000856   0x00000002   PAD
    0x08000858   0x00000084   Code   RO         3702    i.EXTI4_IRQHandler  tcs230.o
    0x080008dc   0x0000000c   Code   RO         1250    i.EXTI_ClearITPendingBit  stm32f10x_exti.o
    0x080008e8   0x00000028   Code   RO         3703    i.EXTI_Config       tcs230.o
    0x08000910   0x00000028   Code   RO         1254    i.EXTI_GetITStatus  stm32f10x_exti.o
    0x08000938   0x00000094   Code   RO         1255    i.EXTI_Init         stm32f10x_exti.o
    0x080009cc   0x00000040   Code   RO         1600    i.GPIO_EXTILineConfig  stm32f10x_gpio.o
    0x08000a0c   0x00000116   Code   RO         1603    i.GPIO_Init         stm32f10x_gpio.o
    0x08000b22   0x00000002   PAD
    0x08000b24   0x00000090   Code   RO         1605    i.GPIO_PinRemapConfig  stm32f10x_gpio.o
    0x08000bb4   0x00000004   Code   RO         1610    i.GPIO_ResetBits    stm32f10x_gpio.o
    0x08000bb8   0x00000004   Code   RO         1611    i.GPIO_SetBits      stm32f10x_gpio.o
    0x08000bbc   0x00000034   Code   RO         3767    i.Get_adc1          adc1.o
    0x08000bf0   0x0000002e   Code   RO         3768    i.Get_adc1_Average  adc1.o
    0x08000c1e   0x00000004   Code   RO          162    i.HardFault_Handler  stm32f10x_it.o
    0x08000c22   0x00000002   PAD
    0x08000c24   0x00000038   Code   RO         3455    i.Hui_Init          sensor.o
    0x08000c5c   0x0000002a   Code   RO         1714    i.I2C_CheckEvent    stm32f10x_i2c.o
    0x08000c86   0x00000018   Code   RO         1717    i.I2C_Cmd           stm32f10x_i2c.o
    0x08000c9e   0x00000002   PAD
    0x08000ca0   0x0000007c   Code   RO         3501    i.I2C_Configuration  oled_iic.o
    0x08000d1c   0x00000038   Code   RO         1720    i.I2C_DeInit        stm32f10x_i2c.o
    0x08000d54   0x00000018   Code   RO         1724    i.I2C_GenerateSTART  stm32f10x_i2c.o
    0x08000d6c   0x00000018   Code   RO         1725    i.I2C_GenerateSTOP  stm32f10x_i2c.o
    0x08000d84   0x0000003a   Code   RO         1726    i.I2C_GetFlagStatus  stm32f10x_i2c.o
    0x08000dbe   0x00000002   PAD
    0x08000dc0   0x000000ec   Code   RO         1731    i.I2C_Init          stm32f10x_i2c.o
    0x08000eac   0x00000012   Code   RO         1738    i.I2C_Send7bitAddress  stm32f10x_i2c.o
    0x08000ebe   0x00000004   Code   RO         1739    i.I2C_SendData      stm32f10x_i2c.o
    0x08000ec2   0x00000002   PAD
    0x08000ec4   0x0000008c   Code   RO         3502    i.I2C_WriteByte     oled_iic.o
    0x08000f50   0x00000078   Code   RO          317    i.MY_NVIC_Init      sys.o
    0x08000fc8   0x00000028   Code   RO          318    i.MY_NVIC_PriorityGroupConfig  sys.o
    0x08000ff0   0x00000004   Code   RO          163    i.MemManage_Handler  stm32f10x_it.o
    0x08000ff4   0x0000004c   Code   RO         3419    i.Motor_Dir_init    motor.o
    0x08001040   0x000000ac   Code   RO         3420    i.Motor_PWM_Init    motor.o
    0x080010ec   0x00000014   Code   RO         3421    i.Motor_all_init    motor.o
    0x08001100   0x000000d0   Code   RO         3422    i.Move              motor.o
    0x080011d0   0x00000002   Code   RO          164    i.NMI_Handler       stm32f10x_it.o
    0x080011d2   0x00000044   Code   RO         3704    i.NVIC_Config       tcs230.o
    0x08001216   0x00000002   PAD
    0x08001218   0x00000070   Code   RO          452    i.NVIC_Init         misc.o
    0x08001288   0x00000014   Code   RO          453    i.NVIC_PriorityGroupConfig  misc.o
    0x0800129c   0x0000000a   Code   RO         3503    i.OLED_CLS          oled_iic.o
    0x080012a6   0x00000074   Code   RO         3504    i.OLED_DrawBMP      oled_iic.o
    0x0800131a   0x0000003a   Code   RO         3505    i.OLED_Fill         oled_iic.o
    0x08001354   0x000000b6   Code   RO         3506    i.OLED_Init         oled_iic.o
    0x0800140a   0x00000028   Code   RO         3509    i.OLED_SetPos       oled_iic.o
    0x08001432   0x00000002   PAD
    0x08001434   0x00000054   Code   RO         3510    i.OLED_ShowCN       oled_iic.o
    0x08001488   0x000000ec   Code   RO         3511    i.OLED_ShowStr      oled_iic.o
    0x08001574   0x00000002   Code   RO          165    i.PendSV_Handler    stm32f10x_it.o
    0x08001576   0x00000002   PAD
    0x08001578   0x00000018   Code   RO         2017    i.RCC_ADCCLKConfig  stm32f10x_rcc.o
    0x08001590   0x00000020   Code   RO         2019    i.RCC_APB1PeriphClockCmd  stm32f10x_rcc.o
    0x080015b0   0x00000020   Code   RO         2020    i.RCC_APB1PeriphResetCmd  stm32f10x_rcc.o
    0x080015d0   0x00000020   Code   RO         2021    i.RCC_APB2PeriphClockCmd  stm32f10x_rcc.o
    0x080015f0   0x00000020   Code   RO         2022    i.RCC_APB2PeriphResetCmd  stm32f10x_rcc.o
    0x08001610   0x000000d4   Code   RO         2029    i.RCC_GetClocksFreq  stm32f10x_rcc.o
    0x080016e4   0x000000cc   Code   RO         3705    i.RGB565            tcs230.o
    0x080017b0   0x00000002   Code   RO          166    i.SVC_Handler       stm32f10x_it.o
    0x080017b2   0x00000008   Code   RO         3456    i.Sensor_all_init   sensor.o
    0x080017ba   0x00000008   Code   RO          223    i.SetSysClock       system_stm32f10x.o
    0x080017c2   0x00000002   PAD
    0x080017c4   0x000000e0   Code   RO          224    i.SetSysClockTo72   system_stm32f10x.o
    0x080018a4   0x00000028   Code   RO          456    i.SysTick_CLKSourceConfig  misc.o
    0x080018cc   0x00000002   Code   RO          167    i.SysTick_Handler   stm32f10x_it.o
    0x080018ce   0x00000002   PAD
    0x080018d0   0x00000060   Code   RO          226    i.SystemInit        system_stm32f10x.o
    0x08001930   0x00000054   Code   RO         3706    i.TCS230_GPIO_Config  tcs230.o
    0x08001984   0x0000003c   Code   RO         3707    i.TIM2_IRQHandler   tcs230.o
    0x080019c0   0x00000042   Code   RO         3708    i.TIM2_config       tcs230.o
    0x08001a02   0x00000002   PAD
    0x08001a04   0x000006c8   Code   RO         3675    i.TIM3_IRQHandler   timer.o
    0x080020cc   0x00000050   Code   RO         3676    i.TIM3_init         timer.o
    0x0800211c   0x00000018   Code   RO         2641    i.TIM_ARRPreloadConfig  stm32f10x_tim.o
    0x08002134   0x00000006   Code   RO         2648    i.TIM_ClearITPendingBit  stm32f10x_tim.o
    0x0800213a   0x00000018   Code   RO         2653    i.TIM_Cmd           stm32f10x_tim.o
    0x08002152   0x00000022   Code   RO         2674    i.TIM_GetITStatus   stm32f10x_tim.o
    0x08002174   0x00000012   Code   RO         2678    i.TIM_ITConfig      stm32f10x_tim.o
    0x08002186   0x00000012   Code   RO         2685    i.TIM_OC1PreloadConfig  stm32f10x_tim.o
    0x08002198   0x0000001a   Code   RO         2690    i.TIM_OC2PreloadConfig  stm32f10x_tim.o
    0x080021b2   0x00000002   PAD
    0x080021b4   0x000000a0   Code   RO         2692    i.TIM_OC3Init       stm32f10x_tim.o
    0x08002254   0x0000007c   Code   RO         2697    i.TIM_OC4Init       stm32f10x_tim.o
    0x080022d0   0x00000004   Code   RO         2716    i.TIM_SetCompare3   stm32f10x_tim.o
    0x080022d4   0x00000006   Code   RO         2717    i.TIM_SetCompare4   stm32f10x_tim.o
    0x080022da   0x00000004   Code   RO         2718    i.TIM_SetCounter    stm32f10x_tim.o
    0x080022de   0x00000002   PAD
    0x080022e0   0x000000a4   Code   RO         2724    i.TIM_TimeBaseInit  stm32f10x_tim.o
    0x08002384   0x00000024   Code   RO          380    i.USART1_IRQHandler  usart.o
    0x080023a8   0x00000018   Code   RO         3189    i.USART_Cmd         stm32f10x_usart.o
    0x080023c0   0x00000054   Code   RO         3193    i.USART_GetITStatus  stm32f10x_usart.o
    0x08002414   0x0000004a   Code   RO         3195    i.USART_ITConfig    stm32f10x_usart.o
    0x0800245e   0x00000002   PAD
    0x08002460   0x000000d8   Code   RO         3196    i.USART_Init        stm32f10x_usart.o
    0x08002538   0x0000000a   Code   RO         3203    i.USART_ReceiveData  stm32f10x_usart.o
    0x08002542   0x00000008   Code   RO         3206    i.USART_SendData    stm32f10x_usart.o
    0x0800254a   0x00000004   Code   RO          168    i.UsageFault_Handler  stm32f10x_it.o
    0x0800254e   0x0000000e   Code   RO         3514    i.WriteCmd          oled_iic.o
    0x0800255c   0x0000000e   Code   RO         3515    i.WriteDat          oled_iic.o
    0x0800256a   0x00000004   Code   RO          381    i._sys_exit         usart.o
    0x0800256e   0x00000002   PAD
    0x08002570   0x0000008c   Code   RO         3769    i.adc1_Init         adc1.o
    0x080025fc   0x00000044   Code   RO          257    i.delay_init        delay.o
    0x08002640   0x0000004c   Code   RO          258    i.delay_ms          delay.o
    0x0800268c   0x0000001c   Code   RO          382    i.fputc             usart.o
    0x080026a8   0x00000094   Code   RO            2    i.main              main.o
    0x0800273c   0x00000188   Code   RO         3473    i.motor_control     xunji.o
    0x080028c4   0x000003d0   Code   RO         3474    i.read_sensor_values  xunji.o
    0x08002c94   0x00000170   Code   RO         3518    i.show_bmp          oled_iic.o
    0x08002e04   0x000000a0   Code   RO          383    i.uart_init         usart.o
    0x08002ea4   0x0000000c   Code   RO         3475    i.xunji             xunji.o
    0x08002eb0   0x00000062   Code   RO         3835    x$fpl$d2f           fz_ws.l(d2f.o)
    0x08002f12   0x00000002   PAD
    0x08002f14   0x00000150   Code   RO         3837    x$fpl$dadd          fz_ws.l(daddsub_clz.o)
    0x08003064   0x000002b0   Code   RO         3844    x$fpl$ddiv          fz_ws.l(ddiv.o)
    0x08003314   0x0000005e   Code   RO         3847    x$fpl$dfix          fz_ws.l(dfix.o)
    0x08003372   0x00000002   PAD
    0x08003374   0x00000154   Code   RO         3851    x$fpl$dmul          fz_ws.l(dmul.o)
    0x080034c8   0x0000009c   Code   RO         3883    x$fpl$dnaninf       fz_ws.l(dnaninf.o)
    0x08003564   0x0000000c   Code   RO         3885    x$fpl$dretinf       fz_ws.l(dretinf.o)
    0x08003570   0x000001d4   Code   RO         3839    x$fpl$dsub          fz_ws.l(daddsub_clz.o)
    0x08003744   0x00000056   Code   RO         3853    x$fpl$f2d           fz_ws.l(f2d.o)
    0x0800379a   0x00000002   PAD
    0x0800379c   0x00000184   Code   RO         3856    x$fpl$fdiv          fz_ws.l(fdiv.o)
    0x08003920   0x00000036   Code   RO         3859    x$fpl$ffix          fz_ws.l(ffix.o)
    0x08003956   0x00000002   PAD
    0x08003958   0x00000030   Code   RO         3864    x$fpl$fflt          fz_ws.l(fflt_clz.o)
    0x08003988   0x00000026   Code   RO         3863    x$fpl$ffltu         fz_ws.l(fflt_clz.o)
    0x080039ae   0x00000002   PAD
    0x080039b0   0x00000102   Code   RO         3869    x$fpl$fmul          fz_ws.l(fmul.o)
    0x08003ab2   0x0000008c   Code   RO         3887    x$fpl$fnaninf       fz_ws.l(fnaninf.o)
    0x08003b3e   0x0000000a   Code   RO         3889    x$fpl$fretinf       fz_ws.l(fretinf.o)
    0x08003b48   0x00000000   Code   RO         3891    x$fpl$usenofp       fz_ws.l(usenofp.o)
    0x08003b48   0x000009a4   Data   RO         3529    .constdata          oled_iic.o
    0x080044ec   0x00000020   Data   RO         4046    Region$$Table       anon$$obj.o


    Execution Region ER_RW (Base: 0x20000000, Size: 0x000010c0, Max: 0xffffffff, ABSOLUTE, COMPRESSED[0x000004c4])

    Base Addr    Size         Type   Attr      Idx    E Section Name        Object

    0x20000000   0x0000001c   Data   RW            3    .data               main.o
    0x2000001c   0x00000014   Data   RW          227    .data               system_stm32f10x.o
    0x20000030   0x00000004   Data   RW          260    .data               delay.o
    0x20000034   0x00000006   Data   RW          385    .data               usart.o
    0x2000003a   0x00000014   Data   RW         2049    .data               stm32f10x_rcc.o
    0x2000004e   0x00000002   PAD
    0x20000050   0x00000004   Data   RW         3476    .data               xunji.o
    0x20000054   0x00000ff6   Data   RW         3530    .data               oled_iic.o
    0x2000104a   0x00000002   PAD
    0x2000104c   0x00000055   Data   RW         3677    .data               timer.o
    0x200010a1   0x00000003   PAD
    0x200010a4   0x0000001c   Data   RW         3709    .data               tcs230.o


    Execution Region ER_ZI (Base: 0x200010c0, Size: 0x00000760, Max: 0xffffffff, ABSOLUTE)

    Base Addr    Size         Type   Attr      Idx    E Section Name        Object

    0x200010c0   0x00000100   Zero   RW         3528    .bss                oled_iic.o
    0x200011c0   0x00000060   Zero   RW         3924    .bss                c_w.l(libspace.o)
    0x20001220   0x00000200   Zero   RW          446    HEAP                startup_stm32f10x_hd.o
    0x20001420   0x00000400   Zero   RW          445    STACK               startup_stm32f10x_hd.o


==============================================================================

Image component sizes


      Code (inc. data)   RO Data    RW Data    ZI Data      Debug   Object Name

       238         14          0          0          0       1830   adc1.o
       144         22          0          4          0     217324   delay.o
       212          4          0         28          0     260630   main.o
       172         22          0          0          0       2125   misc.o
       476         22          0          0          0       2590   motor.o
      1386         94       2468       4086        256       9264   oled_iic.o
        64          8          0          0          0        997   sensor.o
        64         26        304          0       1536        808   startup_stm32f10x_hd.o
       486         24          0          0          0       8806   stm32f10x_adc.o
       200         18          0          0          0       2176   stm32f10x_exti.o
       494         10          0          0          0       4592   stm32f10x_gpio.o
       486         20          0          0          0       7323   stm32f10x_i2c.o
        26          0          0          0          0       3858   stm32f10x_it.o
       364         50          0         20          0       6267   stm32f10x_rcc.o
       612         62          0          0          0       8536   stm32f10x_tim.o
       416          6          0          0          0       5659   stm32f10x_usart.o
       160         12          0          0          0       1333   sys.o
       328         28          0         20          0       2177   system_stm32f10x.o
       938        114          0         28          0      20342   tcs230.o
      1816        394          0         85          0       3508   timer.o
       228         16          0          6          0       4204   usart.o
      1380         32          0          4          0       2577   xunji.o

    ----------------------------------------------------------------------
     10728        998       2804       4288       1792     576926   Object Totals
         0          0         32          0          0          0   (incl. Generated)
        38          0          0          7          0          0   (incl. Padding)

    ----------------------------------------------------------------------

      Code (inc. data)   RO Data    RW Data    ZI Data      Debug   Library Member Name

       100          0          0          0          0          0   __dclz77c.o
         8          0          0          0          0         68   __main.o
       104          0          0          0          0         84   __printf.o
         0          0          0          0          0          0   __rtentry.o
        12          0          0          0          0          0   __rtentry2.o
         6          0          0          0          0          0   __rtentry4.o
        52          8          0          0          0          0   __scatter.o
        28          0          0          0          0          0   __scatter_zi.o
        48          6          0          0          0         96   _printf_char_common.o
        36          4          0          0          0         80   _printf_char_file.o
         6          0          0          0          0          0   _printf_d.o
       120         16          0          0          0         92   _printf_dec.o
       178          0          0          0          0         88   _printf_intcommon.o
         0          0          0          0          0          0   _printf_percent.o
         4          0          0          0          0          0   _printf_percent_end.o
        10          0          0          0          0         68   _sputc.o
        18          0          0          0          0         80   exit.o
         8          0          0          0          0         68   ferror.o
         6          0          0          0          0        152   heapauxi.o
         2          0          0          0          0          0   libinit.o
         2          0          0          0          0          0   libinit2.o
         2          0          0          0          0          0   libshutdown.o
         2          0          0          0          0          0   libshutdown2.o
         8          4          0          0         96         68   libspace.o
        24          4          0          0          0         84   noretval__2printf.o
        40          6          0          0          0         84   noretval__2sprintf.o
         2          0          0          0          0          0   rtexit.o
        10          0          0          0          0          0   rtexit2.o
        74          0          0          0          0         80   sys_stackheap_outer.o
         2          0          0          0          0         68   use_no_semi.o
         2          0          0          0          0         68   use_no_semi_2.o
        98          4          0          0          0         92   d2f.o
       804         16          0          0          0        272   daddsub_clz.o
       688        140          0          0          0        208   ddiv.o
        94          4          0          0          0         92   dfix.o
       340         12          0          0          0        104   dmul.o
       156          4          0          0          0         92   dnaninf.o
        12          0          0          0          0         68   dretinf.o
        86          4          0          0          0         84   f2d.o
       388         76          0          0          0         96   fdiv.o
        54          4          0          0          0         84   ffix.o
        86          0          0          0          0        136   fflt_clz.o
       258          4          0          0          0         84   fmul.o
       140          4          0          0          0         84   fnaninf.o
        10          0          0          0          0         68   fretinf.o
         0          0          0          0          0          0   usenofp.o

    ----------------------------------------------------------------------
      4144        320          0          0         96       2892   Library Totals
        16          0          0          0          0          0   (incl. Padding)

    ----------------------------------------------------------------------

      Code (inc. data)   RO Data    RW Data    ZI Data      Debug   Library Name

       914         48          0          0         96       1328   c_w.l
      3214        272          0          0          0       1564   fz_ws.l

    ----------------------------------------------------------------------
      4144        320          0          0         96       2892   Library Totals

    ----------------------------------------------------------------------

==============================================================================


      Code (inc. data)   RO Data    RW Data    ZI Data      Debug   

     14872       1318       2804       4288       1888     572794   Grand Totals
     14872       1318       2804       1220       1888     572794   ELF Image Totals (compressed)
     14872       1318       2804       1220          0          0   ROM Totals

==============================================================================

    Total RO  Size (Code + RO Data)                17676 (  17.26kB)
    Total RW  Size (RW Data + ZI Data)              6176 (   6.03kB)
    Total ROM Size (Code + RO Data + RW Data)      18896 (  18.45kB)

==============================================================================

